Archive member included to satisfy reference by file (symbol)

c:/program files (x86)/atmel/studio/7.0/toolchain/avr8/avr8-gnu-toolchain/bin/../lib/gcc/avr/5.4.0/avr5\libgcc.a(_exit.o)
                              C:/Program Files (x86)/Atmel/Studio/7.0/Packs/atmel/ATmega_DFP/1.2.209/gcc/dev/atmega32/avr5/crtatmega32.o (exit)
c:/program files (x86)/atmel/studio/7.0/toolchain/avr8/avr8-gnu-toolchain/bin/../lib/gcc/avr/5.4.0/avr5\libgcc.a(_tablejump2.o)
                              Ecual/SSD/src/SSD.o (__tablejump2__)
c:/program files (x86)/atmel/studio/7.0/toolchain/avr8/avr8-gnu-toolchain/bin/../lib/gcc/avr/5.4.0/avr5\libgcc.a(_copy_data.o)
                              App/testApp/src/Tasks.o (__do_copy_data)
c:/program files (x86)/atmel/studio/7.0/toolchain/avr8/avr8-gnu-toolchain/bin/../lib/gcc/avr/5.4.0/avr5\libgcc.a(_clear_bss.o)
                              App/testApp/src/Tasks.o (__do_clear_bss)
c:/program files (x86)/atmel/studio/7.0/toolchain/avr8/avr8-gnu-toolchain/bin/../lib/gcc/avr/5.4.0/../../../../avr/lib/avr5\libc.a(memcpy.o)
                              Firmware/FreeRTOS/src/queue.o (memcpy)
c:/program files (x86)/atmel/studio/7.0/toolchain/avr8/avr8-gnu-toolchain/bin/../lib/gcc/avr/5.4.0/../../../../avr/lib/avr5\libc.a(memset.o)
                              Firmware/FreeRTOS/src/stream_buffer.o (memset)

Discarded input sections

 .data          0x00000000        0x0 C:/Program Files (x86)/Atmel/Studio/7.0/Packs/atmel/ATmega_DFP/1.2.209/gcc/dev/atmega32/avr5/crtatmega32.o
 .bss           0x00000000        0x0 C:/Program Files (x86)/Atmel/Studio/7.0/Packs/atmel/ATmega_DFP/1.2.209/gcc/dev/atmega32/avr5/crtatmega32.o
 .text          0x00000000        0x0 App/testApp/src/Tasks.o
 .data          0x00000000        0x0 App/testApp/src/Tasks.o
 .bss           0x00000000        0x0 App/testApp/src/Tasks.o
 .bss.PB1_Handle
                0x00000000        0x2 App/testApp/src/Tasks.o
 .text          0x00000000        0x0 App/testApp/src/testApp.o
 .data          0x00000000        0x0 App/testApp/src/testApp.o
 .bss           0x00000000        0x0 App/testApp/src/testApp.o
 .text          0x00000000        0x0 Ecual/Lcd/src/LCD.o
 .data          0x00000000        0x0 Ecual/Lcd/src/LCD.o
 .bss           0x00000000        0x0 Ecual/Lcd/src/LCD.o
 .text.LCD_DisplayNumber
                0x00000000       0xc4 Ecual/Lcd/src/LCD.o
 .text          0x00000000        0x0 Ecual/Led/src/Led.o
 .data          0x00000000        0x0 Ecual/Led/src/Led.o
 .bss           0x00000000        0x0 Ecual/Led/src/Led.o
 .text.Led_Tog  0x00000000       0x64 Ecual/Led/src/Led.o
 .text          0x00000000        0x0 Ecual/PB/src/pushButton.o
 .data          0x00000000        0x0 Ecual/PB/src/pushButton.o
 .bss           0x00000000        0x0 Ecual/PB/src/pushButton.o
 .text.pushButton_Get_Status
                0x00000000       0xe0 Ecual/PB/src/pushButton.o
 .bss.PB0_CheckCounter.1652
                0x00000000        0x1 Ecual/PB/src/pushButton.o
 .bss.PB0_State0.1654
                0x00000000        0x1 Ecual/PB/src/pushButton.o
 .bss.PB0_State1.1655
                0x00000000        0x1 Ecual/PB/src/pushButton.o
 .bss.PB1_CheckCounter.1653
                0x00000000        0x1 Ecual/PB/src/pushButton.o
 .bss.PB1_State0.1656
                0x00000000        0x1 Ecual/PB/src/pushButton.o
 .bss.PB1_State1.1657
                0x00000000        0x1 Ecual/PB/src/pushButton.o
 .text          0x00000000        0x0 Ecual/SSD/src/SSD.o
 .data          0x00000000        0x0 Ecual/SSD/src/SSD.o
 .bss           0x00000000        0x0 Ecual/SSD/src/SSD.o
 .text.SSD_Display_8Bit
                0x00000000       0xe4 Ecual/SSD/src/SSD.o
 .progmem.gcc_sw_table.SSD_Display_8Bit
                0x00000000       0x20 Ecual/SSD/src/SSD.o
 .text.SSD_Display_Decoder
                0x00000000       0x96 Ecual/SSD/src/SSD.o
 .text.SSD_DisplayDecimalPoint
                0x00000000       0x2e Ecual/SSD/src/SSD.o
 .text          0x00000000        0x0 Firmware/FreeRTOS/src/croutine.o
 .data          0x00000000        0x0 Firmware/FreeRTOS/src/croutine.o
 .bss           0x00000000        0x0 Firmware/FreeRTOS/src/croutine.o
 .debug_info    0x00000000       0x64 Firmware/FreeRTOS/src/croutine.o
 .debug_abbrev  0x00000000       0x26 Firmware/FreeRTOS/src/croutine.o
 .debug_aranges
                0x00000000       0x18 Firmware/FreeRTOS/src/croutine.o
 .debug_line    0x00000000       0x1a Firmware/FreeRTOS/src/croutine.o
 .debug_str     0x00000000      0x1a4 Firmware/FreeRTOS/src/croutine.o
 .comment       0x00000000       0x31 Firmware/FreeRTOS/src/croutine.o
 .text          0x00000000        0x0 Firmware/FreeRTOS/src/event_groups.o
 .data          0x00000000        0x0 Firmware/FreeRTOS/src/event_groups.o
 .bss           0x00000000        0x0 Firmware/FreeRTOS/src/event_groups.o
 .text.xEventGroupSync
                0x00000000      0x17a Firmware/FreeRTOS/src/event_groups.o
 .text.xEventGroupGetBitsFromISR
                0x00000000       0x46 Firmware/FreeRTOS/src/event_groups.o
 .text.vEventGroupDelete
                0x00000000       0x68 Firmware/FreeRTOS/src/event_groups.o
 .text.vEventGroupSetBitsCallback
                0x00000000       0x3c Firmware/FreeRTOS/src/event_groups.o
 .text.vEventGroupClearBitsCallback
                0x00000000       0x3c Firmware/FreeRTOS/src/event_groups.o
 .text          0x00000000        0x0 Firmware/FreeRTOS/src/heap_1.o
 .data          0x00000000        0x0 Firmware/FreeRTOS/src/heap_1.o
 .bss           0x00000000        0x0 Firmware/FreeRTOS/src/heap_1.o
 .text.vPortInitialiseBlocks
                0x00000000       0x18 Firmware/FreeRTOS/src/heap_1.o
 .text.xPortGetFreeHeapSize
                0x00000000       0x22 Firmware/FreeRTOS/src/heap_1.o
 .text          0x00000000        0x0 Firmware/FreeRTOS/src/list.o
 .data          0x00000000        0x0 Firmware/FreeRTOS/src/list.o
 .bss           0x00000000        0x0 Firmware/FreeRTOS/src/list.o
 .text          0x00000000        0x0 Firmware/FreeRTOS/src/port.o
 .data          0x00000000        0x0 Firmware/FreeRTOS/src/port.o
 .bss           0x00000000        0x0 Firmware/FreeRTOS/src/port.o
 .text.vPortEndScheduler
                0x00000000       0x10 Firmware/FreeRTOS/src/port.o
 .text          0x00000000        0x0 Firmware/FreeRTOS/src/queue.o
 .data          0x00000000        0x0 Firmware/FreeRTOS/src/queue.o
 .bss           0x00000000        0x0 Firmware/FreeRTOS/src/queue.o
 .text.xQueueGenericReset
                0x00000000      0x126 Firmware/FreeRTOS/src/queue.o
 .text.xQueueGenericCreate
                0x00000000       0xa0 Firmware/FreeRTOS/src/queue.o
 .text.prvInitialiseNewQueue
                0x00000000       0x80 Firmware/FreeRTOS/src/queue.o
 .text.prvInitialiseMutex
                0x00000000       0x50 Firmware/FreeRTOS/src/queue.o
 .text.xQueueCreateMutex
                0x00000000       0x40 Firmware/FreeRTOS/src/queue.o
 .text.xQueueGenericSend
                0x00000000      0x162 Firmware/FreeRTOS/src/queue.o
 .text.xQueueGenericSendFromISR
                0x00000000       0xbe Firmware/FreeRTOS/src/queue.o
 .text.xQueueGiveFromISR
                0x00000000       0xb4 Firmware/FreeRTOS/src/queue.o
 .text.xQueueReceive
                0x00000000      0x162 Firmware/FreeRTOS/src/queue.o
 .text.xQueueSemaphoreTake
                0x00000000      0x1c2 Firmware/FreeRTOS/src/queue.o
 .text.xQueuePeek
                0x00000000      0x170 Firmware/FreeRTOS/src/queue.o
 .text.xQueueReceiveFromISR
                0x00000000       0xbe Firmware/FreeRTOS/src/queue.o
 .text.xQueuePeekFromISR
                0x00000000       0x78 Firmware/FreeRTOS/src/queue.o
 .text.uxQueueMessagesWaiting
                0x00000000       0x32 Firmware/FreeRTOS/src/queue.o
 .text.uxQueueSpacesAvailable
                0x00000000       0x4e Firmware/FreeRTOS/src/queue.o
 .text.uxQueueMessagesWaitingFromISR
                0x00000000       0x36 Firmware/FreeRTOS/src/queue.o
 .text.vQueueDelete
                0x00000000       0x30 Firmware/FreeRTOS/src/queue.o
 .text.prvGetDisinheritPriorityAfterTimeout
                0x00000000       0x46 Firmware/FreeRTOS/src/queue.o
 .text.prvCopyDataToQueue
                0x00000000      0x1a0 Firmware/FreeRTOS/src/queue.o
 .text.prvCopyDataFromQueue
                0x00000000       0xa2 Firmware/FreeRTOS/src/queue.o
 .text.prvUnlockQueue
                0x00000000       0xbc Firmware/FreeRTOS/src/queue.o
 .text.prvIsQueueEmpty
                0x00000000       0x3c Firmware/FreeRTOS/src/queue.o
 .text.xQueueIsQueueEmptyFromISR
                0x00000000       0x40 Firmware/FreeRTOS/src/queue.o
 .text.prvIsQueueFull
                0x00000000       0x44 Firmware/FreeRTOS/src/queue.o
 .text.xQueueIsQueueFullFromISR
                0x00000000       0x48 Firmware/FreeRTOS/src/queue.o
 .debug_info    0x00000000      0xd9d Firmware/FreeRTOS/src/queue.o
 .debug_abbrev  0x00000000      0x1c1 Firmware/FreeRTOS/src/queue.o
 .debug_loc     0x00000000      0x731 Firmware/FreeRTOS/src/queue.o
 .debug_aranges
                0x00000000       0xe0 Firmware/FreeRTOS/src/queue.o
 .debug_ranges  0x00000000       0xd0 Firmware/FreeRTOS/src/queue.o
 .debug_line    0x00000000      0xc18 Firmware/FreeRTOS/src/queue.o
 .debug_str     0x00000000      0x772 Firmware/FreeRTOS/src/queue.o
 .comment       0x00000000       0x31 Firmware/FreeRTOS/src/queue.o
 .debug_frame   0x00000000      0x34c Firmware/FreeRTOS/src/queue.o
 .text          0x00000000        0x0 Firmware/FreeRTOS/src/stream_buffer.o
 .data          0x00000000        0x0 Firmware/FreeRTOS/src/stream_buffer.o
 .bss           0x00000000        0x0 Firmware/FreeRTOS/src/stream_buffer.o
 .text.xStreamBufferGenericCreate
                0x00000000       0x92 Firmware/FreeRTOS/src/stream_buffer.o
 .text.vStreamBufferDelete
                0x00000000       0x56 Firmware/FreeRTOS/src/stream_buffer.o
 .text.xStreamBufferReset
                0x00000000       0x9e Firmware/FreeRTOS/src/stream_buffer.o
 .text.xStreamBufferSetTriggerLevel
                0x00000000       0x72 Firmware/FreeRTOS/src/stream_buffer.o
 .text.xStreamBufferSpacesAvailable
                0x00000000       0x9e Firmware/FreeRTOS/src/stream_buffer.o
 .text.xStreamBufferBytesAvailable
                0x00000000       0x3c Firmware/FreeRTOS/src/stream_buffer.o
 .text.xStreamBufferSend
                0x00000000      0x19a Firmware/FreeRTOS/src/stream_buffer.o
 .text.xStreamBufferSendFromISR
                0x00000000       0xfe Firmware/FreeRTOS/src/stream_buffer.o
 .text.prvWriteMessageToBuffer
                0x00000000       0xcc Firmware/FreeRTOS/src/stream_buffer.o
 .text.xStreamBufferReceive
                0x00000000      0x178 Firmware/FreeRTOS/src/stream_buffer.o
 .text.xStreamBufferNextMessageLengthBytes
                0x00000000       0xa4 Firmware/FreeRTOS/src/stream_buffer.o
 .text.xStreamBufferReceiveFromISR
                0x00000000       0xf2 Firmware/FreeRTOS/src/stream_buffer.o
 .text.prvReadMessageFromBuffer
                0x00000000       0xd0 Firmware/FreeRTOS/src/stream_buffer.o
 .text.xStreamBufferIsEmpty
                0x00000000       0x5e Firmware/FreeRTOS/src/stream_buffer.o
 .text.xStreamBufferIsFull
                0x00000000       0x72 Firmware/FreeRTOS/src/stream_buffer.o
 .text.xStreamBufferSendCompletedFromISR
                0x00000000       0x8a Firmware/FreeRTOS/src/stream_buffer.o
 .text.xStreamBufferReceiveCompletedFromISR
                0x00000000       0x8a Firmware/FreeRTOS/src/stream_buffer.o
 .text.prvWriteBytesToBuffer
                0x00000000      0x10e Firmware/FreeRTOS/src/stream_buffer.o
 .text.prvReadBytesFromBuffer
                0x00000000      0x12e Firmware/FreeRTOS/src/stream_buffer.o
 .text.prvBytesInBuffer
                0x00000000       0x86 Firmware/FreeRTOS/src/stream_buffer.o
 .text.prvInitialiseNewStreamBuffer
                0x00000000       0x82 Firmware/FreeRTOS/src/stream_buffer.o
 .debug_info    0x00000000      0xb69 Firmware/FreeRTOS/src/stream_buffer.o
 .debug_abbrev  0x00000000      0x19a Firmware/FreeRTOS/src/stream_buffer.o
 .debug_loc     0x00000000      0x76b Firmware/FreeRTOS/src/stream_buffer.o
 .debug_aranges
                0x00000000       0xc0 Firmware/FreeRTOS/src/stream_buffer.o
 .debug_ranges  0x00000000       0xb0 Firmware/FreeRTOS/src/stream_buffer.o
 .debug_line    0x00000000      0x85e Firmware/FreeRTOS/src/stream_buffer.o
 .debug_str     0x00000000      0x6fc Firmware/FreeRTOS/src/stream_buffer.o
 .comment       0x00000000       0x31 Firmware/FreeRTOS/src/stream_buffer.o
 .debug_frame   0x00000000      0x35c Firmware/FreeRTOS/src/stream_buffer.o
 .text          0x00000000        0x0 Firmware/FreeRTOS/src/tasks.o
 .data          0x00000000        0x0 Firmware/FreeRTOS/src/tasks.o
 .bss           0x00000000        0x0 Firmware/FreeRTOS/src/tasks.o
 .text.vTaskDelete
                0x00000000       0xd2 Firmware/FreeRTOS/src/tasks.o
 .text.xTaskResumeFromISR
                0x00000000       0xce Firmware/FreeRTOS/src/tasks.o
 .text.vTaskEndScheduler
                0x00000000       0x1a Firmware/FreeRTOS/src/tasks.o
 .text.xTaskGetTickCount
                0x00000000       0x2e Firmware/FreeRTOS/src/tasks.o
 .text.xTaskGetTickCountFromISR
                0x00000000       0x2a Firmware/FreeRTOS/src/tasks.o
 .text.uxTaskGetNumberOfTasks
                0x00000000       0x12 Firmware/FreeRTOS/src/tasks.o
 .text.pcTaskGetName
                0x00000000       0x3e Firmware/FreeRTOS/src/tasks.o
 .text.vTaskPlaceOnEventList
                0x00000000       0x46 Firmware/FreeRTOS/src/tasks.o
 .text.xTaskRemoveFromEventList
                0x00000000       0xda Firmware/FreeRTOS/src/tasks.o
 .text.vTaskSetTimeOutState
                0x00000000       0x42 Firmware/FreeRTOS/src/tasks.o
 .text.vTaskInternalSetTimeOutState
                0x00000000       0x38 Firmware/FreeRTOS/src/tasks.o
 .text.xTaskCheckForTimeOut
                0x00000000       0xe6 Firmware/FreeRTOS/src/tasks.o
 .text.vTaskMissedYield
                0x00000000       0x16 Firmware/FreeRTOS/src/tasks.o
 .text.xTaskGetCurrentTaskHandle
                0x00000000       0x24 Firmware/FreeRTOS/src/tasks.o
 .text.xTaskPriorityInherit
                0x00000000      0x158 Firmware/FreeRTOS/src/tasks.o
 .text.xTaskPriorityDisinherit
                0x00000000       0xfa Firmware/FreeRTOS/src/tasks.o
 .text.vTaskPriorityDisinheritAfterTimeout
                0x00000000      0x140 Firmware/FreeRTOS/src/tasks.o
 .text.pvTaskIncrementMutexHeldCount
                0x00000000       0x34 Firmware/FreeRTOS/src/tasks.o
 .text.ulTaskNotifyTake
                0x00000000       0xfa Firmware/FreeRTOS/src/tasks.o
 .text.xTaskNotifyWait
                0x00000000      0x14c Firmware/FreeRTOS/src/tasks.o
 .text.xTaskGenericNotify
                0x00000000      0x1c2 Firmware/FreeRTOS/src/tasks.o
 .text.xTaskGenericNotifyFromISR
                0x00000000      0x1f6 Firmware/FreeRTOS/src/tasks.o
 .text.vTaskNotifyGiveFromISR
                0x00000000      0x11a Firmware/FreeRTOS/src/tasks.o
 .text.xTaskNotifyStateClear
                0x00000000       0x64 Firmware/FreeRTOS/src/tasks.o
 .text          0x00000000        0x0 Firmware/FreeRTOS/src/timers.o
 .data          0x00000000        0x0 Firmware/FreeRTOS/src/timers.o
 .bss           0x00000000        0x0 Firmware/FreeRTOS/src/timers.o
 .debug_info    0x00000000       0x64 Firmware/FreeRTOS/src/timers.o
 .debug_abbrev  0x00000000       0x26 Firmware/FreeRTOS/src/timers.o
 .debug_aranges
                0x00000000       0x18 Firmware/FreeRTOS/src/timers.o
 .debug_line    0x00000000       0x1a Firmware/FreeRTOS/src/timers.o
 .debug_str     0x00000000      0x1a2 Firmware/FreeRTOS/src/timers.o
 .comment       0x00000000       0x31 Firmware/FreeRTOS/src/timers.o
 .text          0x00000000        0x0 Mcal/Gpio/src/Gpio.o
 .data          0x00000000        0x0 Mcal/Gpio/src/Gpio.o
 .bss           0x00000000        0x0 Mcal/Gpio/src/Gpio.o
 .text.Gpio_PortWrite
                0x00000000       0x6e Mcal/Gpio/src/Gpio.o
 .text.Gpio_PortToggle
                0x00000000       0x8a Mcal/Gpio/src/Gpio.o
 .text.Gpio_PortRead
                0x00000000       0x6e Mcal/Gpio/src/Gpio.o
 .text.Gpio_PinToggle
                0x00000000       0x96 Mcal/Gpio/src/Gpio.o
 .text.Gpio_UpperNibbleDirection
                0x00000000      0x132 Mcal/Gpio/src/Gpio.o
 .text.Gpio_UpperNibbleWrite
                0x00000000       0xe8 Mcal/Gpio/src/Gpio.o
 .text.Gpio_UpperNibbleToggle
                0x00000000       0x92 Mcal/Gpio/src/Gpio.o
 .text.Gpio_UpperNibbleRead
                0x00000000       0x7e Mcal/Gpio/src/Gpio.o
 .text.Gpio_LowerNibbleToggle
                0x00000000       0x92 Mcal/Gpio/src/Gpio.o
 .text.Gpio_LowerNibbleRead
                0x00000000       0x76 Mcal/Gpio/src/Gpio.o
 .text          0x00000000        0x0 c:/program files (x86)/atmel/studio/7.0/toolchain/avr8/avr8-gnu-toolchain/bin/../lib/gcc/avr/5.4.0/avr5\libgcc.a(_exit.o)
 .data          0x00000000        0x0 c:/program files (x86)/atmel/studio/7.0/toolchain/avr8/avr8-gnu-toolchain/bin/../lib/gcc/avr/5.4.0/avr5\libgcc.a(_exit.o)
 .bss           0x00000000        0x0 c:/program files (x86)/atmel/studio/7.0/toolchain/avr8/avr8-gnu-toolchain/bin/../lib/gcc/avr/5.4.0/avr5\libgcc.a(_exit.o)
 .text.libgcc.mul
                0x00000000        0x0 c:/program files (x86)/atmel/studio/7.0/toolchain/avr8/avr8-gnu-toolchain/bin/../lib/gcc/avr/5.4.0/avr5\libgcc.a(_exit.o)
 .text.libgcc.div
                0x00000000        0x0 c:/program files (x86)/atmel/studio/7.0/toolchain/avr8/avr8-gnu-toolchain/bin/../lib/gcc/avr/5.4.0/avr5\libgcc.a(_exit.o)
 .text.libgcc   0x00000000        0x0 c:/program files (x86)/atmel/studio/7.0/toolchain/avr8/avr8-gnu-toolchain/bin/../lib/gcc/avr/5.4.0/avr5\libgcc.a(_exit.o)
 .text.libgcc.prologue
                0x00000000        0x0 c:/program files (x86)/atmel/studio/7.0/toolchain/avr8/avr8-gnu-toolchain/bin/../lib/gcc/avr/5.4.0/avr5\libgcc.a(_exit.o)
 .text.libgcc.builtins
                0x00000000        0x0 c:/program files (x86)/atmel/studio/7.0/toolchain/avr8/avr8-gnu-toolchain/bin/../lib/gcc/avr/5.4.0/avr5\libgcc.a(_exit.o)
 .text.libgcc.fmul
                0x00000000        0x0 c:/program files (x86)/atmel/studio/7.0/toolchain/avr8/avr8-gnu-toolchain/bin/../lib/gcc/avr/5.4.0/avr5\libgcc.a(_exit.o)
 .text.libgcc.fixed
                0x00000000        0x0 c:/program files (x86)/atmel/studio/7.0/toolchain/avr8/avr8-gnu-toolchain/bin/../lib/gcc/avr/5.4.0/avr5\libgcc.a(_exit.o)
 .text          0x00000000        0x0 c:/program files (x86)/atmel/studio/7.0/toolchain/avr8/avr8-gnu-toolchain/bin/../lib/gcc/avr/5.4.0/avr5\libgcc.a(_tablejump2.o)
 .data          0x00000000        0x0 c:/program files (x86)/atmel/studio/7.0/toolchain/avr8/avr8-gnu-toolchain/bin/../lib/gcc/avr/5.4.0/avr5\libgcc.a(_tablejump2.o)
 .bss           0x00000000        0x0 c:/program files (x86)/atmel/studio/7.0/toolchain/avr8/avr8-gnu-toolchain/bin/../lib/gcc/avr/5.4.0/avr5\libgcc.a(_tablejump2.o)
 .text.libgcc.mul
                0x00000000        0x0 c:/program files (x86)/atmel/studio/7.0/toolchain/avr8/avr8-gnu-toolchain/bin/../lib/gcc/avr/5.4.0/avr5\libgcc.a(_tablejump2.o)
 .text.libgcc.div
                0x00000000        0x0 c:/program files (x86)/atmel/studio/7.0/toolchain/avr8/avr8-gnu-toolchain/bin/../lib/gcc/avr/5.4.0/avr5\libgcc.a(_tablejump2.o)
 .text.libgcc   0x00000000        0xc c:/program files (x86)/atmel/studio/7.0/toolchain/avr8/avr8-gnu-toolchain/bin/../lib/gcc/avr/5.4.0/avr5\libgcc.a(_tablejump2.o)
 .text.libgcc.prologue
                0x00000000        0x0 c:/program files (x86)/atmel/studio/7.0/toolchain/avr8/avr8-gnu-toolchain/bin/../lib/gcc/avr/5.4.0/avr5\libgcc.a(_tablejump2.o)
 .text.libgcc.builtins
                0x00000000        0x0 c:/program files (x86)/atmel/studio/7.0/toolchain/avr8/avr8-gnu-toolchain/bin/../lib/gcc/avr/5.4.0/avr5\libgcc.a(_tablejump2.o)
 .text.libgcc.fmul
                0x00000000        0x0 c:/program files (x86)/atmel/studio/7.0/toolchain/avr8/avr8-gnu-toolchain/bin/../lib/gcc/avr/5.4.0/avr5\libgcc.a(_tablejump2.o)
 .text.libgcc.fixed
                0x00000000        0x0 c:/program files (x86)/atmel/studio/7.0/toolchain/avr8/avr8-gnu-toolchain/bin/../lib/gcc/avr/5.4.0/avr5\libgcc.a(_tablejump2.o)
 .text          0x00000000        0x0 c:/program files (x86)/atmel/studio/7.0/toolchain/avr8/avr8-gnu-toolchain/bin/../lib/gcc/avr/5.4.0/avr5\libgcc.a(_copy_data.o)
 .data          0x00000000        0x0 c:/program files (x86)/atmel/studio/7.0/toolchain/avr8/avr8-gnu-toolchain/bin/../lib/gcc/avr/5.4.0/avr5\libgcc.a(_copy_data.o)
 .bss           0x00000000        0x0 c:/program files (x86)/atmel/studio/7.0/toolchain/avr8/avr8-gnu-toolchain/bin/../lib/gcc/avr/5.4.0/avr5\libgcc.a(_copy_data.o)
 .text.libgcc.mul
                0x00000000        0x0 c:/program files (x86)/atmel/studio/7.0/toolchain/avr8/avr8-gnu-toolchain/bin/../lib/gcc/avr/5.4.0/avr5\libgcc.a(_copy_data.o)
 .text.libgcc.div
                0x00000000        0x0 c:/program files (x86)/atmel/studio/7.0/toolchain/avr8/avr8-gnu-toolchain/bin/../lib/gcc/avr/5.4.0/avr5\libgcc.a(_copy_data.o)
 .text.libgcc   0x00000000        0x0 c:/program files (x86)/atmel/studio/7.0/toolchain/avr8/avr8-gnu-toolchain/bin/../lib/gcc/avr/5.4.0/avr5\libgcc.a(_copy_data.o)
 .text.libgcc.prologue
                0x00000000        0x0 c:/program files (x86)/atmel/studio/7.0/toolchain/avr8/avr8-gnu-toolchain/bin/../lib/gcc/avr/5.4.0/avr5\libgcc.a(_copy_data.o)
 .text.libgcc.builtins
                0x00000000        0x0 c:/program files (x86)/atmel/studio/7.0/toolchain/avr8/avr8-gnu-toolchain/bin/../lib/gcc/avr/5.4.0/avr5\libgcc.a(_copy_data.o)
 .text.libgcc.fmul
                0x00000000        0x0 c:/program files (x86)/atmel/studio/7.0/toolchain/avr8/avr8-gnu-toolchain/bin/../lib/gcc/avr/5.4.0/avr5\libgcc.a(_copy_data.o)
 .text.libgcc.fixed
                0x00000000        0x0 c:/program files (x86)/atmel/studio/7.0/toolchain/avr8/avr8-gnu-toolchain/bin/../lib/gcc/avr/5.4.0/avr5\libgcc.a(_copy_data.o)
 .text          0x00000000        0x0 c:/program files (x86)/atmel/studio/7.0/toolchain/avr8/avr8-gnu-toolchain/bin/../lib/gcc/avr/5.4.0/avr5\libgcc.a(_clear_bss.o)
 .data          0x00000000        0x0 c:/program files (x86)/atmel/studio/7.0/toolchain/avr8/avr8-gnu-toolchain/bin/../lib/gcc/avr/5.4.0/avr5\libgcc.a(_clear_bss.o)
 .bss           0x00000000        0x0 c:/program files (x86)/atmel/studio/7.0/toolchain/avr8/avr8-gnu-toolchain/bin/../lib/gcc/avr/5.4.0/avr5\libgcc.a(_clear_bss.o)
 .text.libgcc.mul
                0x00000000        0x0 c:/program files (x86)/atmel/studio/7.0/toolchain/avr8/avr8-gnu-toolchain/bin/../lib/gcc/avr/5.4.0/avr5\libgcc.a(_clear_bss.o)
 .text.libgcc.div
                0x00000000        0x0 c:/program files (x86)/atmel/studio/7.0/toolchain/avr8/avr8-gnu-toolchain/bin/../lib/gcc/avr/5.4.0/avr5\libgcc.a(_clear_bss.o)
 .text.libgcc   0x00000000        0x0 c:/program files (x86)/atmel/studio/7.0/toolchain/avr8/avr8-gnu-toolchain/bin/../lib/gcc/avr/5.4.0/avr5\libgcc.a(_clear_bss.o)
 .text.libgcc.prologue
                0x00000000        0x0 c:/program files (x86)/atmel/studio/7.0/toolchain/avr8/avr8-gnu-toolchain/bin/../lib/gcc/avr/5.4.0/avr5\libgcc.a(_clear_bss.o)
 .text.libgcc.builtins
                0x00000000        0x0 c:/program files (x86)/atmel/studio/7.0/toolchain/avr8/avr8-gnu-toolchain/bin/../lib/gcc/avr/5.4.0/avr5\libgcc.a(_clear_bss.o)
 .text.libgcc.fmul
                0x00000000        0x0 c:/program files (x86)/atmel/studio/7.0/toolchain/avr8/avr8-gnu-toolchain/bin/../lib/gcc/avr/5.4.0/avr5\libgcc.a(_clear_bss.o)
 .text.libgcc.fixed
                0x00000000        0x0 c:/program files (x86)/atmel/studio/7.0/toolchain/avr8/avr8-gnu-toolchain/bin/../lib/gcc/avr/5.4.0/avr5\libgcc.a(_clear_bss.o)
 .text          0x00000000        0x0 c:/program files (x86)/atmel/studio/7.0/toolchain/avr8/avr8-gnu-toolchain/bin/../lib/gcc/avr/5.4.0/../../../../avr/lib/avr5\libc.a(memcpy.o)
 .data          0x00000000        0x0 c:/program files (x86)/atmel/studio/7.0/toolchain/avr8/avr8-gnu-toolchain/bin/../lib/gcc/avr/5.4.0/../../../../avr/lib/avr5\libc.a(memcpy.o)
 .bss           0x00000000        0x0 c:/program files (x86)/atmel/studio/7.0/toolchain/avr8/avr8-gnu-toolchain/bin/../lib/gcc/avr/5.4.0/../../../../avr/lib/avr5\libc.a(memcpy.o)
 .text.avr-libc
                0x00000000       0x12 c:/program files (x86)/atmel/studio/7.0/toolchain/avr8/avr8-gnu-toolchain/bin/../lib/gcc/avr/5.4.0/../../../../avr/lib/avr5\libc.a(memcpy.o)
 .text          0x00000000        0x0 c:/program files (x86)/atmel/studio/7.0/toolchain/avr8/avr8-gnu-toolchain/bin/../lib/gcc/avr/5.4.0/../../../../avr/lib/avr5\libc.a(memset.o)
 .data          0x00000000        0x0 c:/program files (x86)/atmel/studio/7.0/toolchain/avr8/avr8-gnu-toolchain/bin/../lib/gcc/avr/5.4.0/../../../../avr/lib/avr5\libc.a(memset.o)
 .bss           0x00000000        0x0 c:/program files (x86)/atmel/studio/7.0/toolchain/avr8/avr8-gnu-toolchain/bin/../lib/gcc/avr/5.4.0/../../../../avr/lib/avr5\libc.a(memset.o)
 .text.avr-libc
                0x00000000        0xe c:/program files (x86)/atmel/studio/7.0/toolchain/avr8/avr8-gnu-toolchain/bin/../lib/gcc/avr/5.4.0/../../../../avr/lib/avr5\libc.a(memset.o)

Memory Configuration

Name             Origin             Length             Attributes
text             0x00000000         0x00020000         xr
data             0x00800060         0x0000ffa0         rw !x
eeprom           0x00810000         0x00010000         rw !x
fuse             0x00820000         0x00000002         rw !x
lock             0x00830000         0x00000400         rw !x
signature        0x00840000         0x00000400         rw !x
user_signatures  0x00850000         0x00000400         rw !x
*default*        0x00000000         0xffffffff

Linker script and memory map

LOAD C:/Program Files (x86)/Atmel/Studio/7.0/Packs/atmel/ATmega_DFP/1.2.209/gcc/dev/atmega32/avr5/crtatmega32.o
LOAD App/testApp/src/Tasks.o
LOAD App/testApp/src/testApp.o
LOAD Ecual/Lcd/src/LCD.o
LOAD Ecual/Led/src/Led.o
LOAD Ecual/PB/src/pushButton.o
LOAD Ecual/SSD/src/SSD.o
LOAD Firmware/FreeRTOS/src/croutine.o
LOAD Firmware/FreeRTOS/src/event_groups.o
LOAD Firmware/FreeRTOS/src/heap_1.o
LOAD Firmware/FreeRTOS/src/list.o
LOAD Firmware/FreeRTOS/src/port.o
LOAD Firmware/FreeRTOS/src/queue.o
LOAD Firmware/FreeRTOS/src/stream_buffer.o
LOAD Firmware/FreeRTOS/src/tasks.o
LOAD Firmware/FreeRTOS/src/timers.o
LOAD Mcal/Gpio/src/Gpio.o
START GROUP
LOAD c:/program files (x86)/atmel/studio/7.0/toolchain/avr8/avr8-gnu-toolchain/bin/../lib/gcc/avr/5.4.0/../../../../avr/lib/avr5\libm.a
END GROUP
START GROUP
LOAD c:/program files (x86)/atmel/studio/7.0/toolchain/avr8/avr8-gnu-toolchain/bin/../lib/gcc/avr/5.4.0/avr5\libgcc.a
LOAD c:/program files (x86)/atmel/studio/7.0/toolchain/avr8/avr8-gnu-toolchain/bin/../lib/gcc/avr/5.4.0/../../../../avr/lib/avr5\libm.a
LOAD c:/program files (x86)/atmel/studio/7.0/toolchain/avr8/avr8-gnu-toolchain/bin/../lib/gcc/avr/5.4.0/../../../../avr/lib/avr5\libc.a
LOAD C:/Program Files (x86)/Atmel/Studio/7.0/Packs/atmel/ATmega_DFP/1.2.209/gcc/dev/atmega32/avr5\libatmega32.a
END GROUP
                0x00020000                __TEXT_REGION_LENGTH__ = DEFINED (__TEXT_REGION_LENGTH__)?__TEXT_REGION_LENGTH__:0x20000
                0x0000ffa0                __DATA_REGION_LENGTH__ = DEFINED (__DATA_REGION_LENGTH__)?__DATA_REGION_LENGTH__:0xffa0
                0x00010000                __EEPROM_REGION_LENGTH__ = DEFINED (__EEPROM_REGION_LENGTH__)?__EEPROM_REGION_LENGTH__:0x10000
                [0x00000002]                __FUSE_REGION_LENGTH__ = DEFINED (__FUSE_REGION_LENGTH__)?__FUSE_REGION_LENGTH__:0x400
                0x00000400                __LOCK_REGION_LENGTH__ = DEFINED (__LOCK_REGION_LENGTH__)?__LOCK_REGION_LENGTH__:0x400
                0x00000400                __SIGNATURE_REGION_LENGTH__ = DEFINED (__SIGNATURE_REGION_LENGTH__)?__SIGNATURE_REGION_LENGTH__:0x400
                0x00000400                __USER_SIGNATURE_REGION_LENGTH__ = DEFINED (__USER_SIGNATURE_REGION_LENGTH__)?__USER_SIGNATURE_REGION_LENGTH__:0x400

.hash
 *(.hash)

.dynsym
 *(.dynsym)

.dynstr
 *(.dynstr)

.gnu.version
 *(.gnu.version)

.gnu.version_d
 *(.gnu.version_d)

.gnu.version_r
 *(.gnu.version_r)

.rel.init
 *(.rel.init)

.rela.init
 *(.rela.init)

.rel.text
 *(.rel.text)
 *(.rel.text.*)
 *(.rel.gnu.linkonce.t*)

.rela.text
 *(.rela.text)
 *(.rela.text.*)
 *(.rela.gnu.linkonce.t*)

.rel.fini
 *(.rel.fini)

.rela.fini
 *(.rela.fini)

.rel.rodata
 *(.rel.rodata)
 *(.rel.rodata.*)
 *(.rel.gnu.linkonce.r*)

.rela.rodata
 *(.rela.rodata)
 *(.rela.rodata.*)
 *(.rela.gnu.linkonce.r*)

.rel.data
 *(.rel.data)
 *(.rel.data.*)
 *(.rel.gnu.linkonce.d*)

.rela.data
 *(.rela.data)
 *(.rela.data.*)
 *(.rela.gnu.linkonce.d*)

.rel.ctors
 *(.rel.ctors)

.rela.ctors
 *(.rela.ctors)

.rel.dtors
 *(.rel.dtors)

.rela.dtors
 *(.rela.dtors)

.rel.got
 *(.rel.got)

.rela.got
 *(.rela.got)

.rel.bss
 *(.rel.bss)

.rela.bss
 *(.rela.bss)

.rel.plt
 *(.rel.plt)

.rela.plt
 *(.rela.plt)

.text           0x00000000     0x2ad4
 *(.vectors)
 .vectors       0x00000000       0x54 C:/Program Files (x86)/Atmel/Studio/7.0/Packs/atmel/ATmega_DFP/1.2.209/gcc/dev/atmega32/avr5/crtatmega32.o
                0x00000000                __vector_default
                0x00000000                __vectors
 *(.vectors)
 *(.progmem.gcc*)
                0x00000054                . = ALIGN (0x2)
                0x00000054                __trampolines_start = .
 *(.trampolines)
 .trampolines   0x00000054        0x0 linker stubs
 *(.trampolines*)
                0x00000054                __trampolines_end = .
 *libprintf_flt.a:*(.progmem.data)
 *libc.a:*(.progmem.data)
 *(.progmem*)
                0x00000054                . = ALIGN (0x2)
 *(.jumptables)
 *(.jumptables*)
 *(.lowtext)
 *(.lowtext*)
                0x00000054                __ctors_start = .
 *(.ctors)
                0x00000054                __ctors_end = .
                0x00000054                __dtors_start = .
 *(.dtors)
                0x00000054                __dtors_end = .
 SORT(*)(.ctors)
 SORT(*)(.dtors)
 *(.init0)
 .init0         0x00000054        0x0 C:/Program Files (x86)/Atmel/Studio/7.0/Packs/atmel/ATmega_DFP/1.2.209/gcc/dev/atmega32/avr5/crtatmega32.o
                0x00000054                __init
 *(.init0)
 *(.init1)
 *(.init1)
 *(.init2)
 .init2         0x00000054        0xc C:/Program Files (x86)/Atmel/Studio/7.0/Packs/atmel/ATmega_DFP/1.2.209/gcc/dev/atmega32/avr5/crtatmega32.o
 *(.init2)
 *(.init3)
 *(.init3)
 *(.init4)
 .init4         0x00000060       0x16 c:/program files (x86)/atmel/studio/7.0/toolchain/avr8/avr8-gnu-toolchain/bin/../lib/gcc/avr/5.4.0/avr5\libgcc.a(_copy_data.o)
                0x00000060                __do_copy_data
 .init4         0x00000076       0x10 c:/program files (x86)/atmel/studio/7.0/toolchain/avr8/avr8-gnu-toolchain/bin/../lib/gcc/avr/5.4.0/avr5\libgcc.a(_clear_bss.o)
                0x00000076                __do_clear_bss
 *(.init4)
 *(.init5)
 *(.init5)
 *(.init6)
 *(.init6)
 *(.init7)
 *(.init7)
 *(.init8)
 *(.init8)
 *(.init9)
 .init9         0x00000086        0x8 C:/Program Files (x86)/Atmel/Studio/7.0/Packs/atmel/ATmega_DFP/1.2.209/gcc/dev/atmega32/avr5/crtatmega32.o
 *(.init9)
 *(.text)
 .text          0x0000008e        0x4 C:/Program Files (x86)/Atmel/Studio/7.0/Packs/atmel/ATmega_DFP/1.2.209/gcc/dev/atmega32/avr5/crtatmega32.o
                0x0000008e                __vector_1
                0x0000008e                __vector_12
                0x0000008e                __bad_interrupt
                0x0000008e                __vector_6
                0x0000008e                __vector_3
                0x0000008e                __vector_11
                0x0000008e                __vector_13
                0x0000008e                __vector_17
                0x0000008e                __vector_19
                0x0000008e                __vector_5
                0x0000008e                __vector_4
                0x0000008e                __vector_9
                0x0000008e                __vector_2
                0x0000008e                __vector_15
                0x0000008e                __vector_8
                0x0000008e                __vector_14
                0x0000008e                __vector_10
                0x0000008e                __vector_16
                0x0000008e                __vector_18
                0x0000008e                __vector_20
                0x00000092                . = ALIGN (0x2)
 *(.text.*)
 .text.Init_Task
                0x00000092       0x7c App/testApp/src/Tasks.o
                0x00000092                Init_Task
 .text.Display_Task
                0x0000010e      0x1e4 App/testApp/src/Tasks.o
                0x0000010e                Display_Task
 .text.PB0_Task
                0x000002f2       0x80 App/testApp/src/Tasks.o
                0x000002f2                PB0_Task
 .text.main     0x00000372       0x94 App/testApp/src/testApp.o
                0x00000372                main
 .text.LCD_SendCommand
                0x00000406       0xe4 Ecual/Lcd/src/LCD.o
 .text.LCD_Init
                0x000004ea       0x4a Ecual/Lcd/src/LCD.o
                0x000004ea                LCD_Init
 .text.LCD_DisplayChar
                0x00000534       0xee Ecual/Lcd/src/LCD.o
                0x00000534                LCD_DisplayChar
 .text.LCD_DisplayString
                0x00000622       0x5c Ecual/Lcd/src/LCD.o
                0x00000622                LCD_DisplayString
 .text.LCD_Clear
                0x0000067e       0x16 Ecual/Lcd/src/LCD.o
                0x0000067e                LCD_Clear
 .text.LCD_GotoRowColumn
                0x00000694       0x2e Ecual/Lcd/src/LCD.o
                0x00000694                LCD_GotoRowColumn
 .text.Led_Init
                0x000006c2       0x94 Ecual/Led/src/Led.o
                0x000006c2                Led_Init
 .text.Led_On   0x00000756       0x6c Ecual/Led/src/Led.o
                0x00000756                Led_On
 .text.Led_Off  0x000007c2       0x6c Ecual/Led/src/Led.o
                0x000007c2                Led_Off
 .text.pushButton_Init
                0x0000082e       0x24 Ecual/PB/src/pushButton.o
                0x0000082e                pushButton_Init
 .text.SSD_Init_BCD
                0x00000852       0xa0 Ecual/SSD/src/SSD.o
                0x00000852                SSD_Init_BCD
 .text.SSD_Display_BCD
                0x000008f2       0x26 Ecual/SSD/src/SSD.o
                0x000008f2                SSD_Display_BCD
 .text.xEventGroupCreate
                0x00000918       0x40 Firmware/FreeRTOS/src/event_groups.o
                0x00000918                xEventGroupCreate
 .text.xEventGroupWaitBits
                0x00000958      0x192 Firmware/FreeRTOS/src/event_groups.o
                0x00000958                xEventGroupWaitBits
 .text.xEventGroupClearBits
                0x00000aea       0x72 Firmware/FreeRTOS/src/event_groups.o
                0x00000aea                xEventGroupClearBits
 .text.xEventGroupSetBits
                0x00000b5c      0x17a Firmware/FreeRTOS/src/event_groups.o
                0x00000b5c                xEventGroupSetBits
 .text.prvTestWaitCondition
                0x00000cd6       0x64 Firmware/FreeRTOS/src/event_groups.o
 .text.pvPortMalloc
                0x00000d3a       0xaa Firmware/FreeRTOS/src/heap_1.o
                0x00000d3a                pvPortMalloc
 .text.vPortFree
                0x00000de4       0x1a Firmware/FreeRTOS/src/heap_1.o
                0x00000de4                vPortFree
 .text.vListInitialise
                0x00000dfe       0x6c Firmware/FreeRTOS/src/list.o
                0x00000dfe                vListInitialise
 .text.vListInitialiseItem
                0x00000e6a       0x24 Firmware/FreeRTOS/src/list.o
                0x00000e6a                vListInitialiseItem
 .text.vListInsertEnd
                0x00000e8e       0x9e Firmware/FreeRTOS/src/list.o
                0x00000e8e                vListInsertEnd
 .text.vListInsert
                0x00000f2c       0xf0 Firmware/FreeRTOS/src/list.o
                0x00000f2c                vListInsert
 .text.uxListRemove
                0x0000101c       0xae Firmware/FreeRTOS/src/list.o
                0x0000101c                uxListRemove
 .text.pxPortInitialiseStack
                0x000010ca      0x352 Firmware/FreeRTOS/src/port.o
                0x000010ca                pxPortInitialiseStack
 .text.xPortStartScheduler
                0x0000141c       0x6a Firmware/FreeRTOS/src/port.o
                0x0000141c                xPortStartScheduler
 .text.vPortYield
                0x00001486       0xb4 Firmware/FreeRTOS/src/port.o
                0x00001486                vPortYield
 .text.vPortYieldFromTick
                0x0000153a       0xbc Firmware/FreeRTOS/src/port.o
                0x0000153a                vPortYieldFromTick
 .text.prvSetupTimerInterrupt
                0x000015f6       0xc4 Firmware/FreeRTOS/src/port.o
 .text.__vector_7
                0x000016ba        0x8 Firmware/FreeRTOS/src/port.o
                0x000016ba                __vector_7
 .text.xTaskCreate
                0x000016c2       0xfa Firmware/FreeRTOS/src/tasks.o
                0x000016c2                xTaskCreate
 .text.prvInitialiseNewTask
                0x000017bc      0x1a8 Firmware/FreeRTOS/src/tasks.o
 .text.prvAddNewTaskToReadyList
                0x00001964       0xfc Firmware/FreeRTOS/src/tasks.o
 .text.vTaskDelay
                0x00001a60       0x46 Firmware/FreeRTOS/src/tasks.o
                0x00001a60                vTaskDelay
 .text.vTaskSuspend
                0x00001aa6       0xda Firmware/FreeRTOS/src/tasks.o
                0x00001aa6                vTaskSuspend
 .text.prvTaskIsTaskSuspended
                0x00001b80       0x60 Firmware/FreeRTOS/src/tasks.o
 .text.vTaskResume
                0x00001be0       0xd0 Firmware/FreeRTOS/src/tasks.o
                0x00001be0                vTaskResume
 .text.vTaskStartScheduler
                0x00001cb0       0x6a Firmware/FreeRTOS/src/tasks.o
                0x00001cb0                vTaskStartScheduler
 .text.vTaskSuspendAll
                0x00001d1a       0x1a Firmware/FreeRTOS/src/tasks.o
                0x00001d1a                vTaskSuspendAll
 .text.xTaskResumeAll
                0x00001d34      0x12e Firmware/FreeRTOS/src/tasks.o
                0x00001d34                xTaskResumeAll
 .text.xTaskIncrementTick
                0x00001e62      0x1da Firmware/FreeRTOS/src/tasks.o
                0x00001e62                xTaskIncrementTick
 .text.vTaskSwitchContext
                0x0000203c       0xe8 Firmware/FreeRTOS/src/tasks.o
                0x0000203c                vTaskSwitchContext
 .text.vTaskPlaceOnUnorderedEventList
                0x00002124       0x64 Firmware/FreeRTOS/src/tasks.o
                0x00002124                vTaskPlaceOnUnorderedEventList
 .text.vTaskRemoveFromUnorderedEventList
                0x00002188       0xc8 Firmware/FreeRTOS/src/tasks.o
                0x00002188                vTaskRemoveFromUnorderedEventList
 .text.prvIdleTask
                0x00002250       0x14 Firmware/FreeRTOS/src/tasks.o
 .text.prvInitialiseTaskLists
                0x00002264       0x84 Firmware/FreeRTOS/src/tasks.o
 .text.prvCheckTasksWaitingTermination
                0x000022e8       0x62 Firmware/FreeRTOS/src/tasks.o
 .text.prvDeleteTCB
                0x0000234a       0x30 Firmware/FreeRTOS/src/tasks.o
 .text.prvResetNextTaskUnblockTime
                0x0000237a       0x5e Firmware/FreeRTOS/src/tasks.o
 .text.uxTaskResetEventItemValue
                0x000023d8       0x54 Firmware/FreeRTOS/src/tasks.o
                0x000023d8                uxTaskResetEventItemValue
 .text.prvAddCurrentTaskToDelayedList
                0x0000242c       0xf4 Firmware/FreeRTOS/src/tasks.o
 .text.Gpio_PortDirection
                0x00002520       0x6e Mcal/Gpio/src/Gpio.o
                0x00002520                Gpio_PortDirection
 .text.Gpio_PinDirection
                0x0000258e      0x158 Mcal/Gpio/src/Gpio.o
                0x0000258e                Gpio_PinDirection
 .text.Gpio_PinWrite
                0x000026e6      0x13e Mcal/Gpio/src/Gpio.o
                0x000026e6                Gpio_PinWrite
 .text.Gpio_PinRead
                0x00002824       0xcc Mcal/Gpio/src/Gpio.o
                0x00002824                Gpio_PinRead
 .text.Gpio_LowerNibbleDirection
                0x000028f0      0x132 Mcal/Gpio/src/Gpio.o
                0x000028f0                Gpio_LowerNibbleDirection
 .text.Gpio_LowerNibbleWrite
                0x00002a22       0xae Mcal/Gpio/src/Gpio.o
                0x00002a22                Gpio_LowerNibbleWrite
                0x00002ad0                . = ALIGN (0x2)
 *(.fini9)
 .fini9         0x00002ad0        0x0 c:/program files (x86)/atmel/studio/7.0/toolchain/avr8/avr8-gnu-toolchain/bin/../lib/gcc/avr/5.4.0/avr5\libgcc.a(_exit.o)
                0x00002ad0                _exit
                0x00002ad0                exit
 *(.fini9)
 *(.fini8)
 *(.fini8)
 *(.fini7)
 *(.fini7)
 *(.fini6)
 *(.fini6)
 *(.fini5)
 *(.fini5)
 *(.fini4)
 *(.fini4)
 *(.fini3)
 *(.fini3)
 *(.fini2)
 *(.fini2)
 *(.fini1)
 *(.fini1)
 *(.fini0)
 .fini0         0x00002ad0        0x4 c:/program files (x86)/atmel/studio/7.0/toolchain/avr8/avr8-gnu-toolchain/bin/../lib/gcc/avr/5.4.0/avr5\libgcc.a(_exit.o)
 *(.fini0)
                0x00002ad4                _etext = .

.data           0x00800060       0x5e load address 0x00002ad4
                0x00800060                PROVIDE (__data_start, .)
 *(.data)
 *(.data*)
 *(.gnu.linkonce.d*)
 *(.rodata)
 .rodata        0x00800060       0x2f App/testApp/src/Tasks.o
 .rodata        0x0080008f       0x2a App/testApp/src/testApp.o
 .rodata        0x008000b9        0x5 Firmware/FreeRTOS/src/tasks.o
 *(.rodata*)
 *(.gnu.linkonce.r*)
                0x008000be                . = ALIGN (0x2)
                0x008000be                _edata = .
                0x008000be                PROVIDE (__data_end, .)

.bss            0x008000be      0x661
                0x008000be                PROVIDE (__bss_start, .)
 *(.bss)
 *(.bss*)
 .bss.Init_Task_Handle
                0x008000be        0x2 App/testApp/src/Tasks.o
                0x008000be                Init_Task_Handle
 .bss.Display_Handle
                0x008000c0        0x2 App/testApp/src/Tasks.o
                0x008000c0                Display_Handle
 .bss.PB0_Handle
                0x008000c2        0x2 App/testApp/src/Tasks.o
                0x008000c2                PB0_Handle
 .bss.xCreatedEventGroup
                0x008000c4        0x2 App/testApp/src/Tasks.o
                0x008000c4                xCreatedEventGroup
 .bss.InitState
                0x008000c6        0x1 Ecual/Lcd/src/LCD.o
 .bss.ucHeap    0x008000c7      0x5dc Firmware/FreeRTOS/src/heap_1.o
 .bss.xNextFreeByte
                0x008006a3        0x2 Firmware/FreeRTOS/src/heap_1.o
 .bss.pucAlignedHeap.2085
                0x008006a5        0x2 Firmware/FreeRTOS/src/heap_1.o
 .bss.pxCurrentTCB
                0x008006a7        0x2 Firmware/FreeRTOS/src/tasks.o
                0x008006a7                pxCurrentTCB
 .bss.pxReadyTasksLists
                0x008006a9       0x36 Firmware/FreeRTOS/src/tasks.o
 .bss.xDelayedTaskList1
                0x008006df        0x9 Firmware/FreeRTOS/src/tasks.o
 .bss.xDelayedTaskList2
                0x008006e8        0x9 Firmware/FreeRTOS/src/tasks.o
 .bss.pxDelayedTaskList
                0x008006f1        0x2 Firmware/FreeRTOS/src/tasks.o
 .bss.pxOverflowDelayedTaskList
                0x008006f3        0x2 Firmware/FreeRTOS/src/tasks.o
 .bss.xPendingReadyList
                0x008006f5        0x9 Firmware/FreeRTOS/src/tasks.o
 .bss.xTasksWaitingTermination
                0x008006fe        0x9 Firmware/FreeRTOS/src/tasks.o
 .bss.uxDeletedTasksWaitingCleanUp
                0x00800707        0x1 Firmware/FreeRTOS/src/tasks.o
 .bss.xSuspendedTaskList
                0x00800708        0x9 Firmware/FreeRTOS/src/tasks.o
 .bss.uxCurrentNumberOfTasks
                0x00800711        0x1 Firmware/FreeRTOS/src/tasks.o
 .bss.xTickCount
                0x00800712        0x2 Firmware/FreeRTOS/src/tasks.o
 .bss.uxTopReadyPriority
                0x00800714        0x1 Firmware/FreeRTOS/src/tasks.o
 .bss.xSchedulerRunning
                0x00800715        0x1 Firmware/FreeRTOS/src/tasks.o
 .bss.uxPendedTicks
                0x00800716        0x1 Firmware/FreeRTOS/src/tasks.o
 .bss.xYieldPending
                0x00800717        0x1 Firmware/FreeRTOS/src/tasks.o
 .bss.xNumOfOverflows
                0x00800718        0x1 Firmware/FreeRTOS/src/tasks.o
 .bss.uxTaskNumber
                0x00800719        0x1 Firmware/FreeRTOS/src/tasks.o
 .bss.xNextTaskUnblockTime
                0x0080071a        0x2 Firmware/FreeRTOS/src/tasks.o
 .bss.xIdleTaskHandle
                0x0080071c        0x2 Firmware/FreeRTOS/src/tasks.o
 .bss.uxSchedulerSuspended
                0x0080071e        0x1 Firmware/FreeRTOS/src/tasks.o
 *(COMMON)
                0x0080071f                PROVIDE (__bss_end, .)
                0x00002ad4                __data_load_start = LOADADDR (.data)
                0x00002b32                __data_load_end = (__data_load_start + SIZEOF (.data))

.noinit         0x0080071f        0x0
                [!provide]                PROVIDE (__noinit_start, .)
 *(.noinit*)
                [!provide]                PROVIDE (__noinit_end, .)
                0x0080071f                _end = .
                [!provide]                PROVIDE (__heap_start, .)

.eeprom         0x00810000        0x0
 *(.eeprom*)
                0x00810000                __eeprom_end = .

.fuse
 *(.fuse)
 *(.lfuse)
 *(.hfuse)
 *(.efuse)

.lock
 *(.lock*)

.signature
 *(.signature*)

.user_signatures
 *(.user_signatures*)

.stab
 *(.stab)

.stabstr
 *(.stabstr)

.stab.excl
 *(.stab.excl)

.stab.exclstr
 *(.stab.exclstr)

.stab.index
 *(.stab.index)

.stab.indexstr
 *(.stab.indexstr)

.comment        0x00000000       0x30
 *(.comment)
 .comment       0x00000000       0x30 App/testApp/src/Tasks.o
                                 0x31 (size before relaxing)
 .comment       0x00000030       0x31 App/testApp/src/testApp.o
 .comment       0x00000030       0x31 Ecual/Lcd/src/LCD.o
 .comment       0x00000030       0x31 Ecual/Led/src/Led.o
 .comment       0x00000030       0x31 Ecual/PB/src/pushButton.o
 .comment       0x00000030       0x31 Ecual/SSD/src/SSD.o
 .comment       0x00000030       0x31 Firmware/FreeRTOS/src/event_groups.o
 .comment       0x00000030       0x31 Firmware/FreeRTOS/src/heap_1.o
 .comment       0x00000030       0x31 Firmware/FreeRTOS/src/list.o
 .comment       0x00000030       0x31 Firmware/FreeRTOS/src/port.o
 .comment       0x00000030       0x31 Firmware/FreeRTOS/src/tasks.o
 .comment       0x00000030       0x31 Mcal/Gpio/src/Gpio.o

.note.gnu.avr.deviceinfo
                0x00000000       0x3c
 .note.gnu.avr.deviceinfo
                0x00000000       0x3c C:/Program Files (x86)/Atmel/Studio/7.0/Packs/atmel/ATmega_DFP/1.2.209/gcc/dev/atmega32/avr5/crtatmega32.o

.note.gnu.build-id
 *(.note.gnu.build-id)

.debug
 *(.debug)

.line
 *(.line)

.debug_srcinfo
 *(.debug_srcinfo)

.debug_sfnames
 *(.debug_sfnames)

.debug_aranges  0x00000000      0x488
 *(.debug_aranges)
 .debug_aranges
                0x00000000       0x30 App/testApp/src/Tasks.o
 .debug_aranges
                0x00000030       0x20 App/testApp/src/testApp.o
 .debug_aranges
                0x00000050       0x50 Ecual/Lcd/src/LCD.o
 .debug_aranges
                0x000000a0       0x38 Ecual/Led/src/Led.o
 .debug_aranges
                0x000000d8       0x28 Ecual/PB/src/pushButton.o
 .debug_aranges
                0x00000100       0x40 Ecual/SSD/src/SSD.o
 .debug_aranges
                0x00000140       0x68 Firmware/FreeRTOS/src/event_groups.o
 .debug_aranges
                0x000001a8       0x38 Firmware/FreeRTOS/src/heap_1.o
 .debug_aranges
                0x000001e0       0x40 Firmware/FreeRTOS/src/list.o
 .debug_aranges
                0x00000220       0x50 Firmware/FreeRTOS/src/port.o
 .debug_aranges
                0x00000270      0x180 Firmware/FreeRTOS/src/tasks.o
 .debug_aranges
                0x000003f0       0x98 Mcal/Gpio/src/Gpio.o

.debug_pubnames
 *(.debug_pubnames)

.debug_info     0x00000000     0x33a7
 *(.debug_info .gnu.linkonce.wi.*)
 .debug_info    0x00000000      0x4e6 C:/Program Files (x86)/Atmel/Studio/7.0/Packs/atmel/ATmega_DFP/1.2.209/gcc/dev/atmega32/avr5/crtatmega32.o
 .debug_info    0x000004e6      0x30a App/testApp/src/Tasks.o
 .debug_info    0x000007f0       0xe6 App/testApp/src/testApp.o
 .debug_info    0x000008d6      0x272 Ecual/Lcd/src/LCD.o
 .debug_info    0x00000b48      0x14b Ecual/Led/src/Led.o
 .debug_info    0x00000c93      0x175 Ecual/PB/src/pushButton.o
 .debug_info    0x00000e08      0x26a Ecual/SSD/src/SSD.o
 .debug_info    0x00001072      0x666 Firmware/FreeRTOS/src/event_groups.o
 .debug_info    0x000016d8      0x170 Firmware/FreeRTOS/src/heap_1.o
 .debug_info    0x00001848      0x2bb Firmware/FreeRTOS/src/list.o
 .debug_info    0x00001b03      0x1ed Firmware/FreeRTOS/src/port.o
 .debug_info    0x00001cf0     0x127d Firmware/FreeRTOS/src/tasks.o
 .debug_info    0x00002f6d      0x43a Mcal/Gpio/src/Gpio.o

.debug_abbrev   0x00000000     0x1044
 *(.debug_abbrev)
 .debug_abbrev  0x00000000      0x4a3 C:/Program Files (x86)/Atmel/Studio/7.0/Packs/atmel/ATmega_DFP/1.2.209/gcc/dev/atmega32/avr5/crtatmega32.o
 .debug_abbrev  0x000004a3       0xec App/testApp/src/Tasks.o
 .debug_abbrev  0x0000058f       0x87 App/testApp/src/testApp.o
 .debug_abbrev  0x00000616       0xfe Ecual/Lcd/src/LCD.o
 .debug_abbrev  0x00000714       0x92 Ecual/Led/src/Led.o
 .debug_abbrev  0x000007a6       0x9f Ecual/PB/src/pushButton.o
 .debug_abbrev  0x00000845       0xb9 Ecual/SSD/src/SSD.o
 .debug_abbrev  0x000008fe      0x140 Firmware/FreeRTOS/src/event_groups.o
 .debug_abbrev  0x00000a3e       0xf0 Firmware/FreeRTOS/src/heap_1.o
 .debug_abbrev  0x00000b2e       0xc7 Firmware/FreeRTOS/src/list.o
 .debug_abbrev  0x00000bf5      0x104 Firmware/FreeRTOS/src/port.o
 .debug_abbrev  0x00000cf9      0x212 Firmware/FreeRTOS/src/tasks.o
 .debug_abbrev  0x00000f0b      0x139 Mcal/Gpio/src/Gpio.o

.debug_line     0x00000000     0x3529
 *(.debug_line .debug_line.* .debug_line_end)
 .debug_line    0x00000000      0x115 C:/Program Files (x86)/Atmel/Studio/7.0/Packs/atmel/ATmega_DFP/1.2.209/gcc/dev/atmega32/avr5/crtatmega32.o
 .debug_line    0x00000115      0x38d App/testApp/src/Tasks.o
 .debug_line    0x000004a2       0xbe App/testApp/src/testApp.o
 .debug_line    0x00000560      0x29f Ecual/Lcd/src/LCD.o
 .debug_line    0x000007ff      0x1ff Ecual/Led/src/Led.o
 .debug_line    0x000009fe      0x191 Ecual/PB/src/pushButton.o
 .debug_line    0x00000b8f      0x276 Ecual/SSD/src/SSD.o
 .debug_line    0x00000e05      0x4b3 Firmware/FreeRTOS/src/event_groups.o
 .debug_line    0x000012b8      0x1c3 Firmware/FreeRTOS/src/heap_1.o
 .debug_line    0x0000147b      0x212 Firmware/FreeRTOS/src/list.o
 .debug_line    0x0000168d      0x404 Firmware/FreeRTOS/src/port.o
 .debug_line    0x00001a91     0x128d Firmware/FreeRTOS/src/tasks.o
 .debug_line    0x00002d1e      0x80b Mcal/Gpio/src/Gpio.o

.debug_frame    0x00000000      0xf30
 *(.debug_frame)
 .debug_frame   0x00000000       0x80 App/testApp/src/Tasks.o
 .debug_frame   0x00000080       0x44 App/testApp/src/testApp.o
 .debug_frame   0x000000c4       0xf4 Ecual/Lcd/src/LCD.o
 .debug_frame   0x000001b8       0x94 Ecual/Led/src/Led.o
 .debug_frame   0x0000024c       0x54 Ecual/PB/src/pushButton.o
 .debug_frame   0x000002a0       0xb4 Ecual/SSD/src/SSD.o
 .debug_frame   0x00000354      0x160 Firmware/FreeRTOS/src/event_groups.o
 .debug_frame   0x000004b4       0x94 Firmware/FreeRTOS/src/heap_1.o
 .debug_frame   0x00000548       0xb4 Firmware/FreeRTOS/src/list.o
 .debug_frame   0x000005fc       0xc4 Firmware/FreeRTOS/src/port.o
 .debug_frame   0x000006c0      0x65c Firmware/FreeRTOS/src/tasks.o
 .debug_frame   0x00000d1c      0x214 Mcal/Gpio/src/Gpio.o

.debug_str      0x00000000     0x18c9
 *(.debug_str)
 .debug_str     0x00000000      0x196 C:/Program Files (x86)/Atmel/Studio/7.0/Packs/atmel/ATmega_DFP/1.2.209/gcc/dev/atmega32/avr5/crtatmega32.o
 .debug_str     0x00000196      0x33b App/testApp/src/Tasks.o
                                0x38c (size before relaxing)
 .debug_str     0x000004d1       0x8c App/testApp/src/testApp.o
                                0x203 (size before relaxing)
 .debug_str     0x0000055d      0x15f Ecual/Lcd/src/LCD.o
                                0x31b (size before relaxing)
 .debug_str     0x000006bc       0x3f Ecual/Led/src/Led.o
                                0x1d4 (size before relaxing)
 .debug_str     0x000006fb       0xb6 Ecual/PB/src/pushButton.o
                                0x279 (size before relaxing)
 .debug_str     0x000007b1       0xe6 Ecual/SSD/src/SSD.o
                                0x281 (size before relaxing)
 .debug_str     0x00000897      0x308 Firmware/FreeRTOS/src/event_groups.o
                                0x50c (size before relaxing)
 .debug_str     0x00000b9f       0xac Firmware/FreeRTOS/src/heap_1.o
                                0x235 (size before relaxing)
 .debug_str     0x00000c4b       0xad Firmware/FreeRTOS/src/list.o
                                0x2e3 (size before relaxing)
 .debug_str     0x00000cf8       0xf9 Firmware/FreeRTOS/src/port.o
                                0x2b6 (size before relaxing)
 .debug_str     0x00000df1      0x962 Firmware/FreeRTOS/src/tasks.o
                                0xc63 (size before relaxing)
 .debug_str     0x00001753      0x176 Mcal/Gpio/src/Gpio.o
                                0x2fd (size before relaxing)

.debug_loc      0x00000000     0x1f29
 *(.debug_loc)
 .debug_loc     0x00000000       0xf1 App/testApp/src/Tasks.o
 .debug_loc     0x000000f1       0x6f App/testApp/src/testApp.o
 .debug_loc     0x00000160      0x1eb Ecual/Lcd/src/LCD.o
 .debug_loc     0x0000034b      0x120 Ecual/Led/src/Led.o
 .debug_loc     0x0000046b       0x83 Ecual/PB/src/pushButton.o
 .debug_loc     0x000004ee      0x168 Ecual/SSD/src/SSD.o
 .debug_loc     0x00000656      0x2e5 Firmware/FreeRTOS/src/event_groups.o
 .debug_loc     0x0000093b      0x106 Firmware/FreeRTOS/src/heap_1.o
 .debug_loc     0x00000a41      0x167 Firmware/FreeRTOS/src/list.o
 .debug_loc     0x00000ba8      0x105 Firmware/FreeRTOS/src/port.o
 .debug_loc     0x00000cad      0xdfc Firmware/FreeRTOS/src/tasks.o
 .debug_loc     0x00001aa9      0x480 Mcal/Gpio/src/Gpio.o

.debug_macinfo
 *(.debug_macinfo)

.debug_weaknames
 *(.debug_weaknames)

.debug_funcnames
 *(.debug_funcnames)

.debug_typenames
 *(.debug_typenames)

.debug_varnames
 *(.debug_varnames)

.debug_pubtypes
 *(.debug_pubtypes)

.debug_ranges   0x00000000      0x3c8
 *(.debug_ranges)
 .debug_ranges  0x00000000       0x20 App/testApp/src/Tasks.o
 .debug_ranges  0x00000020       0x10 App/testApp/src/testApp.o
 .debug_ranges  0x00000030       0x40 Ecual/Lcd/src/LCD.o
 .debug_ranges  0x00000070       0x28 Ecual/Led/src/Led.o
 .debug_ranges  0x00000098       0x18 Ecual/PB/src/pushButton.o
 .debug_ranges  0x000000b0       0x30 Ecual/SSD/src/SSD.o
 .debug_ranges  0x000000e0       0x58 Firmware/FreeRTOS/src/event_groups.o
 .debug_ranges  0x00000138       0x28 Firmware/FreeRTOS/src/heap_1.o
 .debug_ranges  0x00000160       0x30 Firmware/FreeRTOS/src/list.o
 .debug_ranges  0x00000190       0x40 Firmware/FreeRTOS/src/port.o
 .debug_ranges  0x000001d0      0x170 Firmware/FreeRTOS/src/tasks.o
 .debug_ranges  0x00000340       0x88 Mcal/Gpio/src/Gpio.o

.debug_macro
 *(.debug_macro)
OUTPUT(Sprint1.elf elf32-avr)
LOAD linker stubs
