Archive member included to satisfy reference by file (symbol)

c:/program files (x86)/atmel/studio/7.0/toolchain/avr8/avr8-gnu-toolchain/bin/../lib/gcc/avr/5.4.0/avr5\libgcc.a(_exit.o)
                              C:/Program Files (x86)/Atmel/Studio/7.0/Packs/atmel/ATmega_DFP/1.2.209/gcc/dev/atmega32/avr5/crtatmega32.o (exit)
c:/program files (x86)/atmel/studio/7.0/toolchain/avr8/avr8-gnu-toolchain/bin/../lib/gcc/avr/5.4.0/avr5\libgcc.a(_copy_data.o)
                              App/testApp/src/Tasks.o (__do_copy_data)
c:/program files (x86)/atmel/studio/7.0/toolchain/avr8/avr8-gnu-toolchain/bin/../lib/gcc/avr/5.4.0/avr5\libgcc.a(_clear_bss.o)
                              App/testApp/src/Tasks.o (__do_clear_bss)
c:/program files (x86)/atmel/studio/7.0/toolchain/avr8/avr8-gnu-toolchain/bin/../lib/gcc/avr/5.4.0/../../../../avr/lib/avr5\libc.a(memcpy.o)
                              Firmware/FreeRTOS/src/queue.o (memcpy)
c:/program files (x86)/atmel/studio/7.0/toolchain/avr8/avr8-gnu-toolchain/bin/../lib/gcc/avr/5.4.0/../../../../avr/lib/avr5\libc.a(memset.o)
                              Firmware/FreeRTOS/src/stream_buffer.o (memset)

Discarded input sections

 .data          0x00000000        0x0 C:/Program Files (x86)/Atmel/Studio/7.0/Packs/atmel/ATmega_DFP/1.2.209/gcc/dev/atmega32/avr5/crtatmega32.o
 .bss           0x00000000        0x0 C:/Program Files (x86)/Atmel/Studio/7.0/Packs/atmel/ATmega_DFP/1.2.209/gcc/dev/atmega32/avr5/crtatmega32.o
 .text          0x00000000        0x0 App/testApp/src/Tasks.o
 .data          0x00000000        0x0 App/testApp/src/Tasks.o
 .bss           0x00000000        0x0 App/testApp/src/Tasks.o
 .text          0x00000000        0x0 App/testApp/src/testApp.o
 .data          0x00000000        0x0 App/testApp/src/testApp.o
 .bss           0x00000000        0x0 App/testApp/src/testApp.o
 .text          0x00000000        0x0 Ecual/Lcd/src/LCD.o
 .data          0x00000000        0x0 Ecual/Lcd/src/LCD.o
 .bss           0x00000000        0x0 Ecual/Lcd/src/LCD.o
 .text.LCD_DisplayNumber
                0x00000000       0xc4 Ecual/Lcd/src/LCD.o
 .text.LCD_Clear
                0x00000000       0x16 Ecual/Lcd/src/LCD.o
 .text          0x00000000        0x0 Ecual/Led/src/Led.o
 .data          0x00000000        0x0 Ecual/Led/src/Led.o
 .bss           0x00000000        0x0 Ecual/Led/src/Led.o
 .text.Led_On   0x00000000       0x6c Ecual/Led/src/Led.o
 .text.Led_Off  0x00000000       0x6c Ecual/Led/src/Led.o
 .text          0x00000000        0x0 Ecual/PB/src/pushButton.o
 .data          0x00000000        0x0 Ecual/PB/src/pushButton.o
 .bss           0x00000000        0x0 Ecual/PB/src/pushButton.o
 .text.pushButton_Init
                0x00000000       0x24 Ecual/PB/src/pushButton.o
 .text.pushButton_Get_Status
                0x00000000       0xe0 Ecual/PB/src/pushButton.o
 .bss.PB0_CheckCounter.1652
                0x00000000        0x1 Ecual/PB/src/pushButton.o
 .bss.PB0_State0.1654
                0x00000000        0x1 Ecual/PB/src/pushButton.o
 .bss.PB0_State1.1655
                0x00000000        0x1 Ecual/PB/src/pushButton.o
 .bss.PB1_CheckCounter.1653
                0x00000000        0x1 Ecual/PB/src/pushButton.o
 .bss.PB1_State0.1656
                0x00000000        0x1 Ecual/PB/src/pushButton.o
 .bss.PB1_State1.1657
                0x00000000        0x1 Ecual/PB/src/pushButton.o
 .debug_info    0x00000000      0x175 Ecual/PB/src/pushButton.o
 .debug_abbrev  0x00000000       0x9f Ecual/PB/src/pushButton.o
 .debug_loc     0x00000000       0x83 Ecual/PB/src/pushButton.o
 .debug_aranges
                0x00000000       0x28 Ecual/PB/src/pushButton.o
 .debug_ranges  0x00000000       0x18 Ecual/PB/src/pushButton.o
 .debug_line    0x00000000      0x191 Ecual/PB/src/pushButton.o
 .debug_str     0x00000000      0x265 Ecual/PB/src/pushButton.o
 .comment       0x00000000       0x31 Ecual/PB/src/pushButton.o
 .debug_frame   0x00000000       0x54 Ecual/PB/src/pushButton.o
 .text          0x00000000        0x0 Firmware/FreeRTOS/src/croutine.o
 .data          0x00000000        0x0 Firmware/FreeRTOS/src/croutine.o
 .bss           0x00000000        0x0 Firmware/FreeRTOS/src/croutine.o
 .debug_info    0x00000000       0x64 Firmware/FreeRTOS/src/croutine.o
 .debug_abbrev  0x00000000       0x26 Firmware/FreeRTOS/src/croutine.o
 .debug_aranges
                0x00000000       0x18 Firmware/FreeRTOS/src/croutine.o
 .debug_line    0x00000000       0x1a Firmware/FreeRTOS/src/croutine.o
 .debug_str     0x00000000      0x190 Firmware/FreeRTOS/src/croutine.o
 .comment       0x00000000       0x31 Firmware/FreeRTOS/src/croutine.o
 .text          0x00000000        0x0 Firmware/FreeRTOS/src/event_groups.o
 .data          0x00000000        0x0 Firmware/FreeRTOS/src/event_groups.o
 .bss           0x00000000        0x0 Firmware/FreeRTOS/src/event_groups.o
 .text.xEventGroupCreate
                0x00000000       0x40 Firmware/FreeRTOS/src/event_groups.o
 .text.xEventGroupSync
                0x00000000      0x17a Firmware/FreeRTOS/src/event_groups.o
 .text.xEventGroupWaitBits
                0x00000000      0x192 Firmware/FreeRTOS/src/event_groups.o
 .text.xEventGroupClearBits
                0x00000000       0x72 Firmware/FreeRTOS/src/event_groups.o
 .text.xEventGroupGetBitsFromISR
                0x00000000       0x46 Firmware/FreeRTOS/src/event_groups.o
 .text.xEventGroupSetBits
                0x00000000      0x17a Firmware/FreeRTOS/src/event_groups.o
 .text.vEventGroupDelete
                0x00000000       0x68 Firmware/FreeRTOS/src/event_groups.o
 .text.vEventGroupSetBitsCallback
                0x00000000       0x3c Firmware/FreeRTOS/src/event_groups.o
 .text.vEventGroupClearBitsCallback
                0x00000000       0x3c Firmware/FreeRTOS/src/event_groups.o
 .text.prvTestWaitCondition
                0x00000000       0x64 Firmware/FreeRTOS/src/event_groups.o
 .debug_info    0x00000000      0x666 Firmware/FreeRTOS/src/event_groups.o
 .debug_abbrev  0x00000000      0x140 Firmware/FreeRTOS/src/event_groups.o
 .debug_loc     0x00000000      0x2e5 Firmware/FreeRTOS/src/event_groups.o
 .debug_aranges
                0x00000000       0x68 Firmware/FreeRTOS/src/event_groups.o
 .debug_ranges  0x00000000       0x58 Firmware/FreeRTOS/src/event_groups.o
 .debug_line    0x00000000      0x4b3 Firmware/FreeRTOS/src/event_groups.o
 .debug_str     0x00000000      0x4f8 Firmware/FreeRTOS/src/event_groups.o
 .comment       0x00000000       0x31 Firmware/FreeRTOS/src/event_groups.o
 .debug_frame   0x00000000      0x160 Firmware/FreeRTOS/src/event_groups.o
 .text          0x00000000        0x0 Firmware/FreeRTOS/src/heap_1.o
 .data          0x00000000        0x0 Firmware/FreeRTOS/src/heap_1.o
 .bss           0x00000000        0x0 Firmware/FreeRTOS/src/heap_1.o
 .text.vPortInitialiseBlocks
                0x00000000       0x18 Firmware/FreeRTOS/src/heap_1.o
 .text.xPortGetFreeHeapSize
                0x00000000       0x22 Firmware/FreeRTOS/src/heap_1.o
 .text          0x00000000        0x0 Firmware/FreeRTOS/src/list.o
 .data          0x00000000        0x0 Firmware/FreeRTOS/src/list.o
 .bss           0x00000000        0x0 Firmware/FreeRTOS/src/list.o
 .text          0x00000000        0x0 Firmware/FreeRTOS/src/port.o
 .data          0x00000000        0x0 Firmware/FreeRTOS/src/port.o
 .bss           0x00000000        0x0 Firmware/FreeRTOS/src/port.o
 .text.vPortEndScheduler
                0x00000000       0x10 Firmware/FreeRTOS/src/port.o
 .text          0x00000000        0x0 Firmware/FreeRTOS/src/queue.o
 .data          0x00000000        0x0 Firmware/FreeRTOS/src/queue.o
 .bss           0x00000000        0x0 Firmware/FreeRTOS/src/queue.o
 .text.xQueueGenericReset
                0x00000000      0x126 Firmware/FreeRTOS/src/queue.o
 .text.xQueueGenericCreate
                0x00000000       0xa0 Firmware/FreeRTOS/src/queue.o
 .text.prvInitialiseNewQueue
                0x00000000       0x80 Firmware/FreeRTOS/src/queue.o
 .text.xQueueGenericSend
                0x00000000      0x162 Firmware/FreeRTOS/src/queue.o
 .text.xQueueGenericSendFromISR
                0x00000000       0xbe Firmware/FreeRTOS/src/queue.o
 .text.xQueueGiveFromISR
                0x00000000       0xb4 Firmware/FreeRTOS/src/queue.o
 .text.xQueueReceive
                0x00000000      0x162 Firmware/FreeRTOS/src/queue.o
 .text.xQueueSemaphoreTake
                0x00000000      0x150 Firmware/FreeRTOS/src/queue.o
 .text.xQueuePeek
                0x00000000      0x170 Firmware/FreeRTOS/src/queue.o
 .text.xQueueReceiveFromISR
                0x00000000       0xbe Firmware/FreeRTOS/src/queue.o
 .text.xQueuePeekFromISR
                0x00000000       0x78 Firmware/FreeRTOS/src/queue.o
 .text.uxQueueMessagesWaiting
                0x00000000       0x32 Firmware/FreeRTOS/src/queue.o
 .text.uxQueueSpacesAvailable
                0x00000000       0x4e Firmware/FreeRTOS/src/queue.o
 .text.uxQueueMessagesWaitingFromISR
                0x00000000       0x36 Firmware/FreeRTOS/src/queue.o
 .text.vQueueDelete
                0x00000000       0x30 Firmware/FreeRTOS/src/queue.o
 .text.prvCopyDataToQueue
                0x00000000      0x176 Firmware/FreeRTOS/src/queue.o
 .text.prvCopyDataFromQueue
                0x00000000       0xa2 Firmware/FreeRTOS/src/queue.o
 .text.prvUnlockQueue
                0x00000000       0xbc Firmware/FreeRTOS/src/queue.o
 .text.prvIsQueueEmpty
                0x00000000       0x3c Firmware/FreeRTOS/src/queue.o
 .text.xQueueIsQueueEmptyFromISR
                0x00000000       0x40 Firmware/FreeRTOS/src/queue.o
 .text.prvIsQueueFull
                0x00000000       0x44 Firmware/FreeRTOS/src/queue.o
 .text.xQueueIsQueueFullFromISR
                0x00000000       0x48 Firmware/FreeRTOS/src/queue.o
 .debug_info    0x00000000      0xca9 Firmware/FreeRTOS/src/queue.o
 .debug_abbrev  0x00000000      0x1c1 Firmware/FreeRTOS/src/queue.o
 .debug_loc     0x00000000      0x659 Firmware/FreeRTOS/src/queue.o
 .debug_aranges
                0x00000000       0xc8 Firmware/FreeRTOS/src/queue.o
 .debug_ranges  0x00000000       0xb8 Firmware/FreeRTOS/src/queue.o
 .debug_line    0x00000000      0xb2b Firmware/FreeRTOS/src/queue.o
 .debug_str     0x00000000      0x6ac Firmware/FreeRTOS/src/queue.o
 .comment       0x00000000       0x31 Firmware/FreeRTOS/src/queue.o
 .debug_frame   0x00000000      0x2ec Firmware/FreeRTOS/src/queue.o
 .text          0x00000000        0x0 Firmware/FreeRTOS/src/stream_buffer.o
 .data          0x00000000        0x0 Firmware/FreeRTOS/src/stream_buffer.o
 .bss           0x00000000        0x0 Firmware/FreeRTOS/src/stream_buffer.o
 .text.xStreamBufferGenericCreate
                0x00000000       0x92 Firmware/FreeRTOS/src/stream_buffer.o
 .text.vStreamBufferDelete
                0x00000000       0x56 Firmware/FreeRTOS/src/stream_buffer.o
 .text.xStreamBufferReset
                0x00000000       0x9e Firmware/FreeRTOS/src/stream_buffer.o
 .text.xStreamBufferSetTriggerLevel
                0x00000000       0x72 Firmware/FreeRTOS/src/stream_buffer.o
 .text.xStreamBufferSpacesAvailable
                0x00000000       0x9e Firmware/FreeRTOS/src/stream_buffer.o
 .text.xStreamBufferBytesAvailable
                0x00000000       0x3c Firmware/FreeRTOS/src/stream_buffer.o
 .text.xStreamBufferSend
                0x00000000      0x19a Firmware/FreeRTOS/src/stream_buffer.o
 .text.xStreamBufferSendFromISR
                0x00000000       0xfe Firmware/FreeRTOS/src/stream_buffer.o
 .text.prvWriteMessageToBuffer
                0x00000000       0xcc Firmware/FreeRTOS/src/stream_buffer.o
 .text.xStreamBufferReceive
                0x00000000      0x178 Firmware/FreeRTOS/src/stream_buffer.o
 .text.xStreamBufferNextMessageLengthBytes
                0x00000000       0xa4 Firmware/FreeRTOS/src/stream_buffer.o
 .text.xStreamBufferReceiveFromISR
                0x00000000       0xf2 Firmware/FreeRTOS/src/stream_buffer.o
 .text.prvReadMessageFromBuffer
                0x00000000       0xd0 Firmware/FreeRTOS/src/stream_buffer.o
 .text.xStreamBufferIsEmpty
                0x00000000       0x5e Firmware/FreeRTOS/src/stream_buffer.o
 .text.xStreamBufferIsFull
                0x00000000       0x72 Firmware/FreeRTOS/src/stream_buffer.o
 .text.xStreamBufferSendCompletedFromISR
                0x00000000       0x8a Firmware/FreeRTOS/src/stream_buffer.o
 .text.xStreamBufferReceiveCompletedFromISR
                0x00000000       0x8a Firmware/FreeRTOS/src/stream_buffer.o
 .text.prvWriteBytesToBuffer
                0x00000000      0x10e Firmware/FreeRTOS/src/stream_buffer.o
 .text.prvReadBytesFromBuffer
                0x00000000      0x12e Firmware/FreeRTOS/src/stream_buffer.o
 .text.prvBytesInBuffer
                0x00000000       0x86 Firmware/FreeRTOS/src/stream_buffer.o
 .text.prvInitialiseNewStreamBuffer
                0x00000000       0x82 Firmware/FreeRTOS/src/stream_buffer.o
 .debug_info    0x00000000      0xb69 Firmware/FreeRTOS/src/stream_buffer.o
 .debug_abbrev  0x00000000      0x19a Firmware/FreeRTOS/src/stream_buffer.o
 .debug_loc     0x00000000      0x76b Firmware/FreeRTOS/src/stream_buffer.o
 .debug_aranges
                0x00000000       0xc0 Firmware/FreeRTOS/src/stream_buffer.o
 .debug_ranges  0x00000000       0xb0 Firmware/FreeRTOS/src/stream_buffer.o
 .debug_line    0x00000000      0x85e Firmware/FreeRTOS/src/stream_buffer.o
 .debug_str     0x00000000      0x6e8 Firmware/FreeRTOS/src/stream_buffer.o
 .comment       0x00000000       0x31 Firmware/FreeRTOS/src/stream_buffer.o
 .debug_frame   0x00000000      0x35c Firmware/FreeRTOS/src/stream_buffer.o
 .text          0x00000000        0x0 Firmware/FreeRTOS/src/tasks.o
 .data          0x00000000        0x0 Firmware/FreeRTOS/src/tasks.o
 .bss           0x00000000        0x0 Firmware/FreeRTOS/src/tasks.o
 .text.vTaskDelete
                0x00000000       0xd2 Firmware/FreeRTOS/src/tasks.o
 .text.prvTaskIsTaskSuspended
                0x00000000       0x60 Firmware/FreeRTOS/src/tasks.o
 .text.vTaskResume
                0x00000000       0xd0 Firmware/FreeRTOS/src/tasks.o
 .text.xTaskResumeFromISR
                0x00000000       0xce Firmware/FreeRTOS/src/tasks.o
 .text.vTaskEndScheduler
                0x00000000       0x1a Firmware/FreeRTOS/src/tasks.o
 .text.xTaskGetTickCount
                0x00000000       0x2e Firmware/FreeRTOS/src/tasks.o
 .text.xTaskGetTickCountFromISR
                0x00000000       0x2a Firmware/FreeRTOS/src/tasks.o
 .text.uxTaskGetNumberOfTasks
                0x00000000       0x12 Firmware/FreeRTOS/src/tasks.o
 .text.pcTaskGetName
                0x00000000       0x3e Firmware/FreeRTOS/src/tasks.o
 .text.vTaskPlaceOnEventList
                0x00000000       0x46 Firmware/FreeRTOS/src/tasks.o
 .text.vTaskPlaceOnUnorderedEventList
                0x00000000       0x64 Firmware/FreeRTOS/src/tasks.o
 .text.xTaskRemoveFromEventList
                0x00000000       0xda Firmware/FreeRTOS/src/tasks.o
 .text.vTaskRemoveFromUnorderedEventList
                0x00000000       0xc8 Firmware/FreeRTOS/src/tasks.o
 .text.vTaskSetTimeOutState
                0x00000000       0x42 Firmware/FreeRTOS/src/tasks.o
 .text.vTaskInternalSetTimeOutState
                0x00000000       0x38 Firmware/FreeRTOS/src/tasks.o
 .text.xTaskCheckForTimeOut
                0x00000000       0xe6 Firmware/FreeRTOS/src/tasks.o
 .text.vTaskMissedYield
                0x00000000       0x16 Firmware/FreeRTOS/src/tasks.o
 .text.xTaskGetCurrentTaskHandle
                0x00000000       0x24 Firmware/FreeRTOS/src/tasks.o
 .text.uxTaskResetEventItemValue
                0x00000000       0x54 Firmware/FreeRTOS/src/tasks.o
 .text.ulTaskNotifyTake
                0x00000000       0xfa Firmware/FreeRTOS/src/tasks.o
 .text.xTaskNotifyWait
                0x00000000      0x14c Firmware/FreeRTOS/src/tasks.o
 .text.xTaskGenericNotify
                0x00000000      0x1c2 Firmware/FreeRTOS/src/tasks.o
 .text.xTaskGenericNotifyFromISR
                0x00000000      0x1f6 Firmware/FreeRTOS/src/tasks.o
 .text.vTaskNotifyGiveFromISR
                0x00000000      0x11a Firmware/FreeRTOS/src/tasks.o
 .text.xTaskNotifyStateClear
                0x00000000       0x64 Firmware/FreeRTOS/src/tasks.o
 .text          0x00000000        0x0 Firmware/FreeRTOS/src/timers.o
 .data          0x00000000        0x0 Firmware/FreeRTOS/src/timers.o
 .bss           0x00000000        0x0 Firmware/FreeRTOS/src/timers.o
 .debug_info    0x00000000       0x64 Firmware/FreeRTOS/src/timers.o
 .debug_abbrev  0x00000000       0x26 Firmware/FreeRTOS/src/timers.o
 .debug_aranges
                0x00000000       0x18 Firmware/FreeRTOS/src/timers.o
 .debug_line    0x00000000       0x1a Firmware/FreeRTOS/src/timers.o
 .debug_str     0x00000000      0x18e Firmware/FreeRTOS/src/timers.o
 .comment       0x00000000       0x31 Firmware/FreeRTOS/src/timers.o
 .text          0x00000000        0x0 Mcal/Gpio/src/Gpio.o
 .data          0x00000000        0x0 Mcal/Gpio/src/Gpio.o
 .bss           0x00000000        0x0 Mcal/Gpio/src/Gpio.o
 .text.Gpio_PortWrite
                0x00000000       0x6e Mcal/Gpio/src/Gpio.o
 .text.Gpio_PortToggle
                0x00000000       0x8a Mcal/Gpio/src/Gpio.o
 .text.Gpio_PortRead
                0x00000000       0x6e Mcal/Gpio/src/Gpio.o
 .text.Gpio_PinRead
                0x00000000       0xcc Mcal/Gpio/src/Gpio.o
 .text.Gpio_UpperNibbleDirection
                0x00000000      0x132 Mcal/Gpio/src/Gpio.o
 .text.Gpio_UpperNibbleWrite
                0x00000000       0xe8 Mcal/Gpio/src/Gpio.o
 .text.Gpio_UpperNibbleToggle
                0x00000000       0x92 Mcal/Gpio/src/Gpio.o
 .text.Gpio_UpperNibbleRead
                0x00000000       0x7e Mcal/Gpio/src/Gpio.o
 .text.Gpio_LowerNibbleDirection
                0x00000000      0x132 Mcal/Gpio/src/Gpio.o
 .text.Gpio_LowerNibbleWrite
                0x00000000       0xae Mcal/Gpio/src/Gpio.o
 .text.Gpio_LowerNibbleToggle
                0x00000000       0x92 Mcal/Gpio/src/Gpio.o
 .text.Gpio_LowerNibbleRead
                0x00000000       0x76 Mcal/Gpio/src/Gpio.o
 .text          0x00000000        0x0 c:/program files (x86)/atmel/studio/7.0/toolchain/avr8/avr8-gnu-toolchain/bin/../lib/gcc/avr/5.4.0/avr5\libgcc.a(_exit.o)
 .data          0x00000000        0x0 c:/program files (x86)/atmel/studio/7.0/toolchain/avr8/avr8-gnu-toolchain/bin/../lib/gcc/avr/5.4.0/avr5\libgcc.a(_exit.o)
 .bss           0x00000000        0x0 c:/program files (x86)/atmel/studio/7.0/toolchain/avr8/avr8-gnu-toolchain/bin/../lib/gcc/avr/5.4.0/avr5\libgcc.a(_exit.o)
 .text.libgcc.mul
                0x00000000        0x0 c:/program files (x86)/atmel/studio/7.0/toolchain/avr8/avr8-gnu-toolchain/bin/../lib/gcc/avr/5.4.0/avr5\libgcc.a(_exit.o)
 .text.libgcc.div
                0x00000000        0x0 c:/program files (x86)/atmel/studio/7.0/toolchain/avr8/avr8-gnu-toolchain/bin/../lib/gcc/avr/5.4.0/avr5\libgcc.a(_exit.o)
 .text.libgcc   0x00000000        0x0 c:/program files (x86)/atmel/studio/7.0/toolchain/avr8/avr8-gnu-toolchain/bin/../lib/gcc/avr/5.4.0/avr5\libgcc.a(_exit.o)
 .text.libgcc.prologue
                0x00000000        0x0 c:/program files (x86)/atmel/studio/7.0/toolchain/avr8/avr8-gnu-toolchain/bin/../lib/gcc/avr/5.4.0/avr5\libgcc.a(_exit.o)
 .text.libgcc.builtins
                0x00000000        0x0 c:/program files (x86)/atmel/studio/7.0/toolchain/avr8/avr8-gnu-toolchain/bin/../lib/gcc/avr/5.4.0/avr5\libgcc.a(_exit.o)
 .text.libgcc.fmul
                0x00000000        0x0 c:/program files (x86)/atmel/studio/7.0/toolchain/avr8/avr8-gnu-toolchain/bin/../lib/gcc/avr/5.4.0/avr5\libgcc.a(_exit.o)
 .text.libgcc.fixed
                0x00000000        0x0 c:/program files (x86)/atmel/studio/7.0/toolchain/avr8/avr8-gnu-toolchain/bin/../lib/gcc/avr/5.4.0/avr5\libgcc.a(_exit.o)
 .text          0x00000000        0x0 c:/program files (x86)/atmel/studio/7.0/toolchain/avr8/avr8-gnu-toolchain/bin/../lib/gcc/avr/5.4.0/avr5\libgcc.a(_copy_data.o)
 .data          0x00000000        0x0 c:/program files (x86)/atmel/studio/7.0/toolchain/avr8/avr8-gnu-toolchain/bin/../lib/gcc/avr/5.4.0/avr5\libgcc.a(_copy_data.o)
 .bss           0x00000000        0x0 c:/program files (x86)/atmel/studio/7.0/toolchain/avr8/avr8-gnu-toolchain/bin/../lib/gcc/avr/5.4.0/avr5\libgcc.a(_copy_data.o)
 .text.libgcc.mul
                0x00000000        0x0 c:/program files (x86)/atmel/studio/7.0/toolchain/avr8/avr8-gnu-toolchain/bin/../lib/gcc/avr/5.4.0/avr5\libgcc.a(_copy_data.o)
 .text.libgcc.div
                0x00000000        0x0 c:/program files (x86)/atmel/studio/7.0/toolchain/avr8/avr8-gnu-toolchain/bin/../lib/gcc/avr/5.4.0/avr5\libgcc.a(_copy_data.o)
 .text.libgcc   0x00000000        0x0 c:/program files (x86)/atmel/studio/7.0/toolchain/avr8/avr8-gnu-toolchain/bin/../lib/gcc/avr/5.4.0/avr5\libgcc.a(_copy_data.o)
 .text.libgcc.prologue
                0x00000000        0x0 c:/program files (x86)/atmel/studio/7.0/toolchain/avr8/avr8-gnu-toolchain/bin/../lib/gcc/avr/5.4.0/avr5\libgcc.a(_copy_data.o)
 .text.libgcc.builtins
                0x00000000        0x0 c:/program files (x86)/atmel/studio/7.0/toolchain/avr8/avr8-gnu-toolchain/bin/../lib/gcc/avr/5.4.0/avr5\libgcc.a(_copy_data.o)
 .text.libgcc.fmul
                0x00000000        0x0 c:/program files (x86)/atmel/studio/7.0/toolchain/avr8/avr8-gnu-toolchain/bin/../lib/gcc/avr/5.4.0/avr5\libgcc.a(_copy_data.o)
 .text.libgcc.fixed
                0x00000000        0x0 c:/program files (x86)/atmel/studio/7.0/toolchain/avr8/avr8-gnu-toolchain/bin/../lib/gcc/avr/5.4.0/avr5\libgcc.a(_copy_data.o)
 .text          0x00000000        0x0 c:/program files (x86)/atmel/studio/7.0/toolchain/avr8/avr8-gnu-toolchain/bin/../lib/gcc/avr/5.4.0/avr5\libgcc.a(_clear_bss.o)
 .data          0x00000000        0x0 c:/program files (x86)/atmel/studio/7.0/toolchain/avr8/avr8-gnu-toolchain/bin/../lib/gcc/avr/5.4.0/avr5\libgcc.a(_clear_bss.o)
 .bss           0x00000000        0x0 c:/program files (x86)/atmel/studio/7.0/toolchain/avr8/avr8-gnu-toolchain/bin/../lib/gcc/avr/5.4.0/avr5\libgcc.a(_clear_bss.o)
 .text.libgcc.mul
                0x00000000        0x0 c:/program files (x86)/atmel/studio/7.0/toolchain/avr8/avr8-gnu-toolchain/bin/../lib/gcc/avr/5.4.0/avr5\libgcc.a(_clear_bss.o)
 .text.libgcc.div
                0x00000000        0x0 c:/program files (x86)/atmel/studio/7.0/toolchain/avr8/avr8-gnu-toolchain/bin/../lib/gcc/avr/5.4.0/avr5\libgcc.a(_clear_bss.o)
 .text.libgcc   0x00000000        0x0 c:/program files (x86)/atmel/studio/7.0/toolchain/avr8/avr8-gnu-toolchain/bin/../lib/gcc/avr/5.4.0/avr5\libgcc.a(_clear_bss.o)
 .text.libgcc.prologue
                0x00000000        0x0 c:/program files (x86)/atmel/studio/7.0/toolchain/avr8/avr8-gnu-toolchain/bin/../lib/gcc/avr/5.4.0/avr5\libgcc.a(_clear_bss.o)
 .text.libgcc.builtins
                0x00000000        0x0 c:/program files (x86)/atmel/studio/7.0/toolchain/avr8/avr8-gnu-toolchain/bin/../lib/gcc/avr/5.4.0/avr5\libgcc.a(_clear_bss.o)
 .text.libgcc.fmul
                0x00000000        0x0 c:/program files (x86)/atmel/studio/7.0/toolchain/avr8/avr8-gnu-toolchain/bin/../lib/gcc/avr/5.4.0/avr5\libgcc.a(_clear_bss.o)
 .text.libgcc.fixed
                0x00000000        0x0 c:/program files (x86)/atmel/studio/7.0/toolchain/avr8/avr8-gnu-toolchain/bin/../lib/gcc/avr/5.4.0/avr5\libgcc.a(_clear_bss.o)
 .text          0x00000000        0x0 c:/program files (x86)/atmel/studio/7.0/toolchain/avr8/avr8-gnu-toolchain/bin/../lib/gcc/avr/5.4.0/../../../../avr/lib/avr5\libc.a(memcpy.o)
 .data          0x00000000        0x0 c:/program files (x86)/atmel/studio/7.0/toolchain/avr8/avr8-gnu-toolchain/bin/../lib/gcc/avr/5.4.0/../../../../avr/lib/avr5\libc.a(memcpy.o)
 .bss           0x00000000        0x0 c:/program files (x86)/atmel/studio/7.0/toolchain/avr8/avr8-gnu-toolchain/bin/../lib/gcc/avr/5.4.0/../../../../avr/lib/avr5\libc.a(memcpy.o)
 .text.avr-libc
                0x00000000       0x12 c:/program files (x86)/atmel/studio/7.0/toolchain/avr8/avr8-gnu-toolchain/bin/../lib/gcc/avr/5.4.0/../../../../avr/lib/avr5\libc.a(memcpy.o)
 .text          0x00000000        0x0 c:/program files (x86)/atmel/studio/7.0/toolchain/avr8/avr8-gnu-toolchain/bin/../lib/gcc/avr/5.4.0/../../../../avr/lib/avr5\libc.a(memset.o)
 .data          0x00000000        0x0 c:/program files (x86)/atmel/studio/7.0/toolchain/avr8/avr8-gnu-toolchain/bin/../lib/gcc/avr/5.4.0/../../../../avr/lib/avr5\libc.a(memset.o)
 .bss           0x00000000        0x0 c:/program files (x86)/atmel/studio/7.0/toolchain/avr8/avr8-gnu-toolchain/bin/../lib/gcc/avr/5.4.0/../../../../avr/lib/avr5\libc.a(memset.o)
 .text.avr-libc
                0x00000000        0xe c:/program files (x86)/atmel/studio/7.0/toolchain/avr8/avr8-gnu-toolchain/bin/../lib/gcc/avr/5.4.0/../../../../avr/lib/avr5\libc.a(memset.o)

Memory Configuration

Name             Origin             Length             Attributes
text             0x00000000         0x00020000         xr
data             0x00800060         0x0000ffa0         rw !x
eeprom           0x00810000         0x00010000         rw !x
fuse             0x00820000         0x00000002         rw !x
lock             0x00830000         0x00000400         rw !x
signature        0x00840000         0x00000400         rw !x
user_signatures  0x00850000         0x00000400         rw !x
*default*        0x00000000         0xffffffff

Linker script and memory map

LOAD C:/Program Files (x86)/Atmel/Studio/7.0/Packs/atmel/ATmega_DFP/1.2.209/gcc/dev/atmega32/avr5/crtatmega32.o
LOAD App/testApp/src/Tasks.o
LOAD App/testApp/src/testApp.o
LOAD Ecual/Lcd/src/LCD.o
LOAD Ecual/Led/src/Led.o
LOAD Ecual/PB/src/pushButton.o
LOAD Firmware/FreeRTOS/src/croutine.o
LOAD Firmware/FreeRTOS/src/event_groups.o
LOAD Firmware/FreeRTOS/src/heap_1.o
LOAD Firmware/FreeRTOS/src/list.o
LOAD Firmware/FreeRTOS/src/port.o
LOAD Firmware/FreeRTOS/src/queue.o
LOAD Firmware/FreeRTOS/src/stream_buffer.o
LOAD Firmware/FreeRTOS/src/tasks.o
LOAD Firmware/FreeRTOS/src/timers.o
LOAD Mcal/Gpio/src/Gpio.o
START GROUP
LOAD c:/program files (x86)/atmel/studio/7.0/toolchain/avr8/avr8-gnu-toolchain/bin/../lib/gcc/avr/5.4.0/../../../../avr/lib/avr5\libm.a
END GROUP
START GROUP
LOAD c:/program files (x86)/atmel/studio/7.0/toolchain/avr8/avr8-gnu-toolchain/bin/../lib/gcc/avr/5.4.0/avr5\libgcc.a
LOAD c:/program files (x86)/atmel/studio/7.0/toolchain/avr8/avr8-gnu-toolchain/bin/../lib/gcc/avr/5.4.0/../../../../avr/lib/avr5\libm.a
LOAD c:/program files (x86)/atmel/studio/7.0/toolchain/avr8/avr8-gnu-toolchain/bin/../lib/gcc/avr/5.4.0/../../../../avr/lib/avr5\libc.a
LOAD C:/Program Files (x86)/Atmel/Studio/7.0/Packs/atmel/ATmega_DFP/1.2.209/gcc/dev/atmega32/avr5\libatmega32.a
END GROUP
                0x00020000                __TEXT_REGION_LENGTH__ = DEFINED (__TEXT_REGION_LENGTH__)?__TEXT_REGION_LENGTH__:0x20000
                0x0000ffa0                __DATA_REGION_LENGTH__ = DEFINED (__DATA_REGION_LENGTH__)?__DATA_REGION_LENGTH__:0xffa0
                0x00010000                __EEPROM_REGION_LENGTH__ = DEFINED (__EEPROM_REGION_LENGTH__)?__EEPROM_REGION_LENGTH__:0x10000
                [0x00000002]                __FUSE_REGION_LENGTH__ = DEFINED (__FUSE_REGION_LENGTH__)?__FUSE_REGION_LENGTH__:0x400
                0x00000400                __LOCK_REGION_LENGTH__ = DEFINED (__LOCK_REGION_LENGTH__)?__LOCK_REGION_LENGTH__:0x400
                0x00000400                __SIGNATURE_REGION_LENGTH__ = DEFINED (__SIGNATURE_REGION_LENGTH__)?__SIGNATURE_REGION_LENGTH__:0x400
                0x00000400                __USER_SIGNATURE_REGION_LENGTH__ = DEFINED (__USER_SIGNATURE_REGION_LENGTH__)?__USER_SIGNATURE_REGION_LENGTH__:0x400

.hash
 *(.hash)

.dynsym
 *(.dynsym)

.dynstr
 *(.dynstr)

.gnu.version
 *(.gnu.version)

.gnu.version_d
 *(.gnu.version_d)

.gnu.version_r
 *(.gnu.version_r)

.rel.init
 *(.rel.init)

.rela.init
 *(.rela.init)

.rel.text
 *(.rel.text)
 *(.rel.text.*)
 *(.rel.gnu.linkonce.t*)

.rela.text
 *(.rela.text)
 *(.rela.text.*)
 *(.rela.gnu.linkonce.t*)

.rel.fini
 *(.rel.fini)

.rela.fini
 *(.rela.fini)

.rel.rodata
 *(.rel.rodata)
 *(.rel.rodata.*)
 *(.rel.gnu.linkonce.r*)

.rela.rodata
 *(.rela.rodata)
 *(.rela.rodata.*)
 *(.rela.gnu.linkonce.r*)

.rel.data
 *(.rel.data)
 *(.rel.data.*)
 *(.rel.gnu.linkonce.d*)

.rela.data
 *(.rela.data)
 *(.rela.data.*)
 *(.rela.gnu.linkonce.d*)

.rel.ctors
 *(.rel.ctors)

.rela.ctors
 *(.rela.ctors)

.rel.dtors
 *(.rel.dtors)

.rela.dtors
 *(.rela.dtors)

.rel.got
 *(.rel.got)

.rela.got
 *(.rela.got)

.rel.bss
 *(.rel.bss)

.rela.bss
 *(.rela.bss)

.rel.plt
 *(.rel.plt)

.rela.plt
 *(.rela.plt)

.text           0x00000000     0x1f26
 *(.vectors)
 .vectors       0x00000000       0x54 C:/Program Files (x86)/Atmel/Studio/7.0/Packs/atmel/ATmega_DFP/1.2.209/gcc/dev/atmega32/avr5/crtatmega32.o
                0x00000000                __vector_default
                0x00000000                __vectors
 *(.vectors)
 *(.progmem.gcc*)
                0x00000054                . = ALIGN (0x2)
                0x00000054                __trampolines_start = .
 *(.trampolines)
 .trampolines   0x00000054        0x0 linker stubs
 *(.trampolines*)
                0x00000054                __trampolines_end = .
 *libprintf_flt.a:*(.progmem.data)
 *libc.a:*(.progmem.data)
 *(.progmem*)
                0x00000054                . = ALIGN (0x2)
 *(.jumptables)
 *(.jumptables*)
 *(.lowtext)
 *(.lowtext*)
                0x00000054                __ctors_start = .
 *(.ctors)
                0x00000054                __ctors_end = .
                0x00000054                __dtors_start = .
 *(.dtors)
                0x00000054                __dtors_end = .
 SORT(*)(.ctors)
 SORT(*)(.dtors)
 *(.init0)
 .init0         0x00000054        0x0 C:/Program Files (x86)/Atmel/Studio/7.0/Packs/atmel/ATmega_DFP/1.2.209/gcc/dev/atmega32/avr5/crtatmega32.o
                0x00000054                __init
 *(.init0)
 *(.init1)
 *(.init1)
 *(.init2)
 .init2         0x00000054        0xc C:/Program Files (x86)/Atmel/Studio/7.0/Packs/atmel/ATmega_DFP/1.2.209/gcc/dev/atmega32/avr5/crtatmega32.o
 *(.init2)
 *(.init3)
 *(.init3)
 *(.init4)
 .init4         0x00000060       0x16 c:/program files (x86)/atmel/studio/7.0/toolchain/avr8/avr8-gnu-toolchain/bin/../lib/gcc/avr/5.4.0/avr5\libgcc.a(_copy_data.o)
                0x00000060                __do_copy_data
 .init4         0x00000076       0x10 c:/program files (x86)/atmel/studio/7.0/toolchain/avr8/avr8-gnu-toolchain/bin/../lib/gcc/avr/5.4.0/avr5\libgcc.a(_clear_bss.o)
                0x00000076                __do_clear_bss
 *(.init4)
 *(.init5)
 *(.init5)
 *(.init6)
 *(.init6)
 *(.init7)
 *(.init7)
 *(.init8)
 *(.init8)
 *(.init9)
 .init9         0x00000086        0x8 C:/Program Files (x86)/Atmel/Studio/7.0/Packs/atmel/ATmega_DFP/1.2.209/gcc/dev/atmega32/avr5/crtatmega32.o
 *(.init9)
 *(.text)
 .text          0x0000008e        0x4 C:/Program Files (x86)/Atmel/Studio/7.0/Packs/atmel/ATmega_DFP/1.2.209/gcc/dev/atmega32/avr5/crtatmega32.o
                0x0000008e                __vector_1
                0x0000008e                __vector_12
                0x0000008e                __bad_interrupt
                0x0000008e                __vector_6
                0x0000008e                __vector_3
                0x0000008e                __vector_11
                0x0000008e                __vector_13
                0x0000008e                __vector_17
                0x0000008e                __vector_19
                0x0000008e                __vector_5
                0x0000008e                __vector_4
                0x0000008e                __vector_9
                0x0000008e                __vector_2
                0x0000008e                __vector_15
                0x0000008e                __vector_8
                0x0000008e                __vector_14
                0x0000008e                __vector_10
                0x0000008e                __vector_16
                0x0000008e                __vector_18
                0x0000008e                __vector_20
                0x00000092                . = ALIGN (0x2)
 *(.text.*)
 .text.Init_Task
                0x00000092       0x32 App/testApp/src/Tasks.o
                0x00000092                Init_Task
 .text.Lcd_Task
                0x000000c4       0x6c App/testApp/src/Tasks.o
                0x000000c4                Lcd_Task
 .text.Led1_Task
                0x00000130       0x1e App/testApp/src/Tasks.o
                0x00000130                Led1_Task
 .text.Led2_Task
                0x0000014e       0x1e App/testApp/src/Tasks.o
                0x0000014e                Led2_Task
 .text.Led3_Task
                0x0000016c       0x1e App/testApp/src/Tasks.o
                0x0000016c                Led3_Task
 .text.main     0x0000018a       0xdc App/testApp/src/testApp.o
                0x0000018a                main
 .text.LCD_SendCommand
                0x00000266       0xf4 Ecual/Lcd/src/LCD.o
 .text.LCD_Init
                0x0000035a       0x62 Ecual/Lcd/src/LCD.o
                0x0000035a                LCD_Init
 .text.LCD_DisplayChar
                0x000003bc       0xfe Ecual/Lcd/src/LCD.o
                0x000003bc                LCD_DisplayChar
 .text.LCD_DisplayString
                0x000004ba       0x82 Ecual/Lcd/src/LCD.o
                0x000004ba                LCD_DisplayString
 .text.LCD_GotoRowColumn
                0x0000053c       0x30 Ecual/Lcd/src/LCD.o
                0x0000053c                LCD_GotoRowColumn
 .text.Led_Init
                0x0000056c       0x94 Ecual/Led/src/Led.o
                0x0000056c                Led_Init
 .text.Led_Tog  0x00000600       0x64 Ecual/Led/src/Led.o
                0x00000600                Led_Tog
 .text.pvPortMalloc
                0x00000664       0xaa Firmware/FreeRTOS/src/heap_1.o
                0x00000664                pvPortMalloc
 .text.vPortFree
                0x0000070e       0x1a Firmware/FreeRTOS/src/heap_1.o
                0x0000070e                vPortFree
 .text.vListInitialise
                0x00000728       0x6c Firmware/FreeRTOS/src/list.o
                0x00000728                vListInitialise
 .text.vListInitialiseItem
                0x00000794       0x24 Firmware/FreeRTOS/src/list.o
                0x00000794                vListInitialiseItem
 .text.vListInsertEnd
                0x000007b8       0x9e Firmware/FreeRTOS/src/list.o
                0x000007b8                vListInsertEnd
 .text.vListInsert
                0x00000856       0xf0 Firmware/FreeRTOS/src/list.o
                0x00000856                vListInsert
 .text.uxListRemove
                0x00000946       0xae Firmware/FreeRTOS/src/list.o
                0x00000946                uxListRemove
 .text.pxPortInitialiseStack
                0x000009f4      0x352 Firmware/FreeRTOS/src/port.o
                0x000009f4                pxPortInitialiseStack
 .text.xPortStartScheduler
                0x00000d46       0x6a Firmware/FreeRTOS/src/port.o
                0x00000d46                xPortStartScheduler
 .text.vPortYield
                0x00000db0       0xb4 Firmware/FreeRTOS/src/port.o
                0x00000db0                vPortYield
 .text.vPortYieldFromTick
                0x00000e64       0xbc Firmware/FreeRTOS/src/port.o
                0x00000e64                vPortYieldFromTick
 .text.prvSetupTimerInterrupt
                0x00000f20       0xc4 Firmware/FreeRTOS/src/port.o
 .text.__vector_7
                0x00000fe4        0x8 Firmware/FreeRTOS/src/port.o
                0x00000fe4                __vector_7
 .text.xTaskCreate
                0x00000fec       0xfa Firmware/FreeRTOS/src/tasks.o
                0x00000fec                xTaskCreate
 .text.prvInitialiseNewTask
                0x000010e6      0x196 Firmware/FreeRTOS/src/tasks.o
 .text.prvAddNewTaskToReadyList
                0x0000127c       0xfc Firmware/FreeRTOS/src/tasks.o
 .text.vTaskDelay
                0x00001378       0x46 Firmware/FreeRTOS/src/tasks.o
                0x00001378                vTaskDelay
 .text.vTaskSuspend
                0x000013be       0xda Firmware/FreeRTOS/src/tasks.o
                0x000013be                vTaskSuspend
 .text.vTaskStartScheduler
                0x00001498       0x6a Firmware/FreeRTOS/src/tasks.o
                0x00001498                vTaskStartScheduler
 .text.vTaskSuspendAll
                0x00001502       0x1a Firmware/FreeRTOS/src/tasks.o
                0x00001502                vTaskSuspendAll
 .text.xTaskResumeAll
                0x0000151c      0x12e Firmware/FreeRTOS/src/tasks.o
                0x0000151c                xTaskResumeAll
 .text.xTaskIncrementTick
                0x0000164a      0x1da Firmware/FreeRTOS/src/tasks.o
                0x0000164a                xTaskIncrementTick
 .text.vTaskSwitchContext
                0x00001824       0xe8 Firmware/FreeRTOS/src/tasks.o
                0x00001824                vTaskSwitchContext
 .text.prvIdleTask
                0x0000190c       0x14 Firmware/FreeRTOS/src/tasks.o
 .text.prvInitialiseTaskLists
                0x00001920       0x84 Firmware/FreeRTOS/src/tasks.o
 .text.prvCheckTasksWaitingTermination
                0x000019a4       0x62 Firmware/FreeRTOS/src/tasks.o
 .text.prvDeleteTCB
                0x00001a06       0x30 Firmware/FreeRTOS/src/tasks.o
 .text.prvResetNextTaskUnblockTime
                0x00001a36       0x5e Firmware/FreeRTOS/src/tasks.o
 .text.prvAddCurrentTaskToDelayedList
                0x00001a94       0xf4 Firmware/FreeRTOS/src/tasks.o
 .text.Gpio_PortDirection
                0x00001b88       0x6e Mcal/Gpio/src/Gpio.o
                0x00001b88                Gpio_PortDirection
 .text.Gpio_PinDirection
                0x00001bf6      0x158 Mcal/Gpio/src/Gpio.o
                0x00001bf6                Gpio_PinDirection
 .text.Gpio_PinWrite
                0x00001d4e      0x13e Mcal/Gpio/src/Gpio.o
                0x00001d4e                Gpio_PinWrite
 .text.Gpio_PinToggle
                0x00001e8c       0x96 Mcal/Gpio/src/Gpio.o
                0x00001e8c                Gpio_PinToggle
                0x00001f22                . = ALIGN (0x2)
 *(.fini9)
 .fini9         0x00001f22        0x0 c:/program files (x86)/atmel/studio/7.0/toolchain/avr8/avr8-gnu-toolchain/bin/../lib/gcc/avr/5.4.0/avr5\libgcc.a(_exit.o)
                0x00001f22                _exit
                0x00001f22                exit
 *(.fini9)
 *(.fini8)
 *(.fini8)
 *(.fini7)
 *(.fini7)
 *(.fini6)
 *(.fini6)
 *(.fini5)
 *(.fini5)
 *(.fini4)
 *(.fini4)
 *(.fini3)
 *(.fini3)
 *(.fini2)
 *(.fini2)
 *(.fini1)
 *(.fini1)
 *(.fini0)
 .fini0         0x00001f22        0x4 c:/program files (x86)/atmel/studio/7.0/toolchain/avr8/avr8-gnu-toolchain/bin/../lib/gcc/avr/5.4.0/avr5\libgcc.a(_exit.o)
 *(.fini0)
                0x00001f26                _etext = .

.data           0x00800060       0xa4 load address 0x00001f26
                0x00800060                PROVIDE (__data_start, .)
 *(.data)
 *(.data*)
 *(.gnu.linkonce.d*)
 *(.rodata)
 .rodata        0x00800060       0x64 App/testApp/src/Tasks.o
 .rodata        0x008000c4       0x3a App/testApp/src/testApp.o
 .rodata        0x008000fe        0x5 Firmware/FreeRTOS/src/tasks.o
 *(.rodata*)
 *(.gnu.linkonce.r*)
                0x00800104                . = ALIGN (0x2)
 *fill*         0x00800103        0x1 
                0x00800104                _edata = .
                0x00800104                PROVIDE (__data_end, .)

.bss            0x00800104      0x654
                0x00800104                PROVIDE (__bss_start, .)
 *(.bss)
 *(.bss*)
 .bss.Init_Task_Handle
                0x00800104        0x2 App/testApp/src/Tasks.o
                0x00800104                Init_Task_Handle
 .bss.Lcd_Task_Handle
                0x00800106        0x2 App/testApp/src/Tasks.o
                0x00800106                Lcd_Task_Handle
 .bss.Led1_Task_Handle
                0x00800108        0x2 App/testApp/src/Tasks.o
                0x00800108                Led1_Task_Handle
 .bss.Led2_Task_Handle
                0x0080010a        0x2 App/testApp/src/Tasks.o
                0x0080010a                Led2_Task_Handle
 .bss.Led3_Task_Handle
                0x0080010c        0x2 App/testApp/src/Tasks.o
                0x0080010c                Led3_Task_Handle
 .bss.InitState
                0x0080010e        0x1 Ecual/Lcd/src/LCD.o
 .bss.index.2027
                0x0080010f        0x1 Ecual/Lcd/src/LCD.o
 .bss.y.2029    0x00800110        0x1 Ecual/Lcd/src/LCD.o
 .bss.x.2028    0x00800111        0x1 Ecual/Lcd/src/LCD.o
 .bss.ucHeap    0x00800112      0x5dc Firmware/FreeRTOS/src/heap_1.o
 .bss.xNextFreeByte
                0x008006ee        0x2 Firmware/FreeRTOS/src/heap_1.o
 .bss.pucAlignedHeap.2084
                0x008006f0        0x2 Firmware/FreeRTOS/src/heap_1.o
 .bss.pxCurrentTCB
                0x008006f2        0x2 Firmware/FreeRTOS/src/tasks.o
                0x008006f2                pxCurrentTCB
 .bss.pxReadyTasksLists
                0x008006f4       0x24 Firmware/FreeRTOS/src/tasks.o
 .bss.xDelayedTaskList1
                0x00800718        0x9 Firmware/FreeRTOS/src/tasks.o
 .bss.xDelayedTaskList2
                0x00800721        0x9 Firmware/FreeRTOS/src/tasks.o
 .bss.pxDelayedTaskList
                0x0080072a        0x2 Firmware/FreeRTOS/src/tasks.o
 .bss.pxOverflowDelayedTaskList
                0x0080072c        0x2 Firmware/FreeRTOS/src/tasks.o
 .bss.xPendingReadyList
                0x0080072e        0x9 Firmware/FreeRTOS/src/tasks.o
 .bss.xTasksWaitingTermination
                0x00800737        0x9 Firmware/FreeRTOS/src/tasks.o
 .bss.uxDeletedTasksWaitingCleanUp
                0x00800740        0x1 Firmware/FreeRTOS/src/tasks.o
 .bss.xSuspendedTaskList
                0x00800741        0x9 Firmware/FreeRTOS/src/tasks.o
 .bss.uxCurrentNumberOfTasks
                0x0080074a        0x1 Firmware/FreeRTOS/src/tasks.o
 .bss.xTickCount
                0x0080074b        0x2 Firmware/FreeRTOS/src/tasks.o
 .bss.uxTopReadyPriority
                0x0080074d        0x1 Firmware/FreeRTOS/src/tasks.o
 .bss.xSchedulerRunning
                0x0080074e        0x1 Firmware/FreeRTOS/src/tasks.o
 .bss.uxPendedTicks
                0x0080074f        0x1 Firmware/FreeRTOS/src/tasks.o
 .bss.xYieldPending
                0x00800750        0x1 Firmware/FreeRTOS/src/tasks.o
 .bss.xNumOfOverflows
                0x00800751        0x1 Firmware/FreeRTOS/src/tasks.o
 .bss.uxTaskNumber
                0x00800752        0x1 Firmware/FreeRTOS/src/tasks.o
 .bss.xNextTaskUnblockTime
                0x00800753        0x2 Firmware/FreeRTOS/src/tasks.o
 .bss.xIdleTaskHandle
                0x00800755        0x2 Firmware/FreeRTOS/src/tasks.o
 .bss.uxSchedulerSuspended
                0x00800757        0x1 Firmware/FreeRTOS/src/tasks.o
 *(COMMON)
                0x00800758                PROVIDE (__bss_end, .)
                0x00001f26                __data_load_start = LOADADDR (.data)
                0x00001fca                __data_load_end = (__data_load_start + SIZEOF (.data))

.noinit         0x00800758        0x0
                [!provide]                PROVIDE (__noinit_start, .)
 *(.noinit*)
                [!provide]                PROVIDE (__noinit_end, .)
                0x00800758                _end = .
                [!provide]                PROVIDE (__heap_start, .)

.eeprom         0x00810000        0x0
 *(.eeprom*)
                0x00810000                __eeprom_end = .

.fuse
 *(.fuse)
 *(.lfuse)
 *(.hfuse)
 *(.efuse)

.lock
 *(.lock*)

.signature
 *(.signature*)

.user_signatures
 *(.user_signatures*)

.stab
 *(.stab)

.stabstr
 *(.stabstr)

.stab.excl
 *(.stab.excl)

.stab.exclstr
 *(.stab.exclstr)

.stab.index
 *(.stab.index)

.stab.indexstr
 *(.stab.indexstr)

.comment        0x00000000       0x30
 *(.comment)
 .comment       0x00000000       0x30 App/testApp/src/Tasks.o
                                 0x31 (size before relaxing)
 .comment       0x00000030       0x31 App/testApp/src/testApp.o
 .comment       0x00000030       0x31 Ecual/Lcd/src/LCD.o
 .comment       0x00000030       0x31 Ecual/Led/src/Led.o
 .comment       0x00000030       0x31 Firmware/FreeRTOS/src/heap_1.o
 .comment       0x00000030       0x31 Firmware/FreeRTOS/src/list.o
 .comment       0x00000030       0x31 Firmware/FreeRTOS/src/port.o
 .comment       0x00000030       0x31 Firmware/FreeRTOS/src/tasks.o
 .comment       0x00000030       0x31 Mcal/Gpio/src/Gpio.o

.note.gnu.avr.deviceinfo
                0x00000000       0x3c
 .note.gnu.avr.deviceinfo
                0x00000000       0x3c C:/Program Files (x86)/Atmel/Studio/7.0/Packs/atmel/ATmega_DFP/1.2.209/gcc/dev/atmega32/avr5/crtatmega32.o

.note.gnu.build-id
 *(.note.gnu.build-id)

.debug
 *(.debug)

.line
 *(.line)

.debug_srcinfo
 *(.debug_srcinfo)

.debug_sfnames
 *(.debug_sfnames)

.debug_aranges  0x00000000      0x3a8
 *(.debug_aranges)
 .debug_aranges
                0x00000000       0x40 App/testApp/src/Tasks.o
 .debug_aranges
                0x00000040       0x20 App/testApp/src/testApp.o
 .debug_aranges
                0x00000060       0x50 Ecual/Lcd/src/LCD.o
 .debug_aranges
                0x000000b0       0x38 Ecual/Led/src/Led.o
 .debug_aranges
                0x000000e8       0x38 Firmware/FreeRTOS/src/heap_1.o
 .debug_aranges
                0x00000120       0x40 Firmware/FreeRTOS/src/list.o
 .debug_aranges
                0x00000160       0x50 Firmware/FreeRTOS/src/port.o
 .debug_aranges
                0x000001b0      0x160 Firmware/FreeRTOS/src/tasks.o
 .debug_aranges
                0x00000310       0x98 Mcal/Gpio/src/Gpio.o

.debug_pubnames
 *(.debug_pubnames)

.debug_info     0x00000000     0x27a0
 *(.debug_info .gnu.linkonce.wi.*)
 .debug_info    0x00000000      0x4e6 C:/Program Files (x86)/Atmel/Studio/7.0/Packs/atmel/ATmega_DFP/1.2.209/gcc/dev/atmega32/avr5/crtatmega32.o
 .debug_info    0x000004e6      0x254 App/testApp/src/Tasks.o
 .debug_info    0x0000073a      0x100 App/testApp/src/testApp.o
 .debug_info    0x0000083a      0x29a Ecual/Lcd/src/LCD.o
 .debug_info    0x00000ad4      0x14b Ecual/Led/src/Led.o
 .debug_info    0x00000c1f      0x170 Firmware/FreeRTOS/src/heap_1.o
 .debug_info    0x00000d8f      0x2bb Firmware/FreeRTOS/src/list.o
 .debug_info    0x0000104a      0x1ed Firmware/FreeRTOS/src/port.o
 .debug_info    0x00001237     0x112f Firmware/FreeRTOS/src/tasks.o
 .debug_info    0x00002366      0x43a Mcal/Gpio/src/Gpio.o

.debug_abbrev   0x00000000      0xda5
 *(.debug_abbrev)
 .debug_abbrev  0x00000000      0x4a3 C:/Program Files (x86)/Atmel/Studio/7.0/Packs/atmel/ATmega_DFP/1.2.209/gcc/dev/atmega32/avr5/crtatmega32.o
 .debug_abbrev  0x000004a3       0xd6 App/testApp/src/Tasks.o
 .debug_abbrev  0x00000579       0x87 App/testApp/src/testApp.o
 .debug_abbrev  0x00000600      0x10d Ecual/Lcd/src/LCD.o
 .debug_abbrev  0x0000070d       0x92 Ecual/Led/src/Led.o
 .debug_abbrev  0x0000079f       0xf0 Firmware/FreeRTOS/src/heap_1.o
 .debug_abbrev  0x0000088f       0xc7 Firmware/FreeRTOS/src/list.o
 .debug_abbrev  0x00000956      0x104 Firmware/FreeRTOS/src/port.o
 .debug_abbrev  0x00000a5a      0x212 Firmware/FreeRTOS/src/tasks.o
 .debug_abbrev  0x00000c6c      0x139 Mcal/Gpio/src/Gpio.o

.debug_line     0x00000000     0x293a
 *(.debug_line .debug_line.* .debug_line_end)
 .debug_line    0x00000000      0x115 C:/Program Files (x86)/Atmel/Studio/7.0/Packs/atmel/ATmega_DFP/1.2.209/gcc/dev/atmega32/avr5/crtatmega32.o
 .debug_line    0x00000115      0x1cc App/testApp/src/Tasks.o
 .debug_line    0x000002e1       0xca App/testApp/src/testApp.o
 .debug_line    0x000003ab      0x2db Ecual/Lcd/src/LCD.o
 .debug_line    0x00000686      0x1ff Ecual/Led/src/Led.o
 .debug_line    0x00000885      0x1c3 Firmware/FreeRTOS/src/heap_1.o
 .debug_line    0x00000a48      0x212 Firmware/FreeRTOS/src/list.o
 .debug_line    0x00000c5a      0x404 Firmware/FreeRTOS/src/port.o
 .debug_line    0x0000105e     0x10d1 Firmware/FreeRTOS/src/tasks.o
 .debug_line    0x0000212f      0x80b Mcal/Gpio/src/Gpio.o

.debug_frame    0x00000000      0xc7c
 *(.debug_frame)
 .debug_frame   0x00000000       0xb4 App/testApp/src/Tasks.o
 .debug_frame   0x000000b4       0x44 App/testApp/src/testApp.o
 .debug_frame   0x000000f8       0xf4 Ecual/Lcd/src/LCD.o
 .debug_frame   0x000001ec       0x94 Ecual/Led/src/Led.o
 .debug_frame   0x00000280       0x94 Firmware/FreeRTOS/src/heap_1.o
 .debug_frame   0x00000314       0xb4 Firmware/FreeRTOS/src/list.o
 .debug_frame   0x000003c8       0xc4 Firmware/FreeRTOS/src/port.o
 .debug_frame   0x0000048c      0x5dc Firmware/FreeRTOS/src/tasks.o
 .debug_frame   0x00000a68      0x214 Mcal/Gpio/src/Gpio.o

.debug_str      0x00000000     0x12da
 *(.debug_str)
 .debug_str     0x00000000      0x196 C:/Program Files (x86)/Atmel/Studio/7.0/Packs/atmel/ATmega_DFP/1.2.209/gcc/dev/atmega32/avr5/crtatmega32.o
 .debug_str     0x00000196      0x26e App/testApp/src/Tasks.o
                                0x2a7 (size before relaxing)
 .debug_str     0x00000404       0x2c App/testApp/src/testApp.o
                                0x218 (size before relaxing)
 .debug_str     0x00000430      0x159 Ecual/Lcd/src/LCD.o
                                0x310 (size before relaxing)
 .debug_str     0x00000589       0x3f Ecual/Led/src/Led.o
                                0x1c0 (size before relaxing)
 .debug_str     0x000005c8       0xb5 Firmware/FreeRTOS/src/heap_1.o
                                0x221 (size before relaxing)
 .debug_str     0x0000067d      0x15d Firmware/FreeRTOS/src/list.o
                                0x2cf (size before relaxing)
 .debug_str     0x000007da       0xf9 Firmware/FreeRTOS/src/port.o
                                0x2a2 (size before relaxing)
 .debug_str     0x000008d3      0x891 Firmware/FreeRTOS/src/tasks.o
                                0xb4e (size before relaxing)
 .debug_str     0x00001164      0x176 Mcal/Gpio/src/Gpio.o
                                0x2e9 (size before relaxing)

.debug_loc      0x00000000     0x19be
 *(.debug_loc)
 .debug_loc     0x00000000      0x168 App/testApp/src/Tasks.o
 .debug_loc     0x00000168       0x6f App/testApp/src/testApp.o
 .debug_loc     0x000001d7      0x1eb Ecual/Lcd/src/LCD.o
 .debug_loc     0x000003c2      0x120 Ecual/Led/src/Led.o
 .debug_loc     0x000004e2      0x106 Firmware/FreeRTOS/src/heap_1.o
 .debug_loc     0x000005e8      0x167 Firmware/FreeRTOS/src/list.o
 .debug_loc     0x0000074f      0x105 Firmware/FreeRTOS/src/port.o
 .debug_loc     0x00000854      0xcea Firmware/FreeRTOS/src/tasks.o
 .debug_loc     0x0000153e      0x480 Mcal/Gpio/src/Gpio.o

.debug_macinfo
 *(.debug_macinfo)

.debug_weaknames
 *(.debug_weaknames)

.debug_funcnames
 *(.debug_funcnames)

.debug_typenames
 *(.debug_typenames)

.debug_varnames
 *(.debug_varnames)

.debug_pubtypes
 *(.debug_pubtypes)

.debug_ranges   0x00000000      0x318
 *(.debug_ranges)
 .debug_ranges  0x00000000       0x30 App/testApp/src/Tasks.o
 .debug_ranges  0x00000030       0x10 App/testApp/src/testApp.o
 .debug_ranges  0x00000040       0x40 Ecual/Lcd/src/LCD.o
 .debug_ranges  0x00000080       0x28 Ecual/Led/src/Led.o
 .debug_ranges  0x000000a8       0x28 Firmware/FreeRTOS/src/heap_1.o
 .debug_ranges  0x000000d0       0x30 Firmware/FreeRTOS/src/list.o
 .debug_ranges  0x00000100       0x40 Firmware/FreeRTOS/src/port.o
 .debug_ranges  0x00000140      0x150 Firmware/FreeRTOS/src/tasks.o
 .debug_ranges  0x00000290       0x88 Mcal/Gpio/src/Gpio.o

.debug_macro
 *(.debug_macro)
OUTPUT(Sprint1.elf elf32-avr)
LOAD linker stubs
