Archive member included to satisfy reference by file (symbol)

c:/program files (x86)/atmel/studio/7.0/toolchain/avr8/avr8-gnu-toolchain/bin/../lib/gcc/avr/5.4.0/avr5\libgcc.a(_exit.o)
                              C:/Program Files (x86)/Atmel/Studio/7.0/Packs/atmel/ATmega_DFP/1.2.209/gcc/dev/atmega32/avr5/crtatmega32.o (exit)
c:/program files (x86)/atmel/studio/7.0/toolchain/avr8/avr8-gnu-toolchain/bin/../lib/gcc/avr/5.4.0/avr5\libgcc.a(_copy_data.o)
                              App/testApp/src/Tasks.o (__do_copy_data)
c:/program files (x86)/atmel/studio/7.0/toolchain/avr8/avr8-gnu-toolchain/bin/../lib/gcc/avr/5.4.0/avr5\libgcc.a(_clear_bss.o)
                              App/testApp/src/Tasks.o (__do_clear_bss)
c:/program files (x86)/atmel/studio/7.0/toolchain/avr8/avr8-gnu-toolchain/bin/../lib/gcc/avr/5.4.0/../../../../avr/lib/avr5\libc.a(memcpy.o)
                              Firmware/FreeRTOS/src/queue.o (memcpy)
c:/program files (x86)/atmel/studio/7.0/toolchain/avr8/avr8-gnu-toolchain/bin/../lib/gcc/avr/5.4.0/../../../../avr/lib/avr5\libc.a(memset.o)
                              Firmware/FreeRTOS/src/stream_buffer.o (memset)

Discarded input sections

 .data          0x00000000        0x0 C:/Program Files (x86)/Atmel/Studio/7.0/Packs/atmel/ATmega_DFP/1.2.209/gcc/dev/atmega32/avr5/crtatmega32.o
 .bss           0x00000000        0x0 C:/Program Files (x86)/Atmel/Studio/7.0/Packs/atmel/ATmega_DFP/1.2.209/gcc/dev/atmega32/avr5/crtatmega32.o
 .text          0x00000000        0x0 App/testApp/src/Tasks.o
 .data          0x00000000        0x0 App/testApp/src/Tasks.o
 .bss           0x00000000        0x0 App/testApp/src/Tasks.o
 .text          0x00000000        0x0 App/testApp/src/testApp.o
 .data          0x00000000        0x0 App/testApp/src/testApp.o
 .bss           0x00000000        0x0 App/testApp/src/testApp.o
 .text          0x00000000        0x0 Ecual/Lcd/src/LCD.o
 .data          0x00000000        0x0 Ecual/Lcd/src/LCD.o
 .bss           0x00000000        0x0 Ecual/Lcd/src/LCD.o
 .text.LCD_DisplayNumber
                0x00000000       0xc4 Ecual/Lcd/src/LCD.o
 .text          0x00000000        0x0 Ecual/Led/src/Led.o
 .data          0x00000000        0x0 Ecual/Led/src/Led.o
 .bss           0x00000000        0x0 Ecual/Led/src/Led.o
 .text.Led_Tog  0x00000000       0x64 Ecual/Led/src/Led.o
 .text          0x00000000        0x0 Firmware/FreeRTOS/src/croutine.o
 .data          0x00000000        0x0 Firmware/FreeRTOS/src/croutine.o
 .bss           0x00000000        0x0 Firmware/FreeRTOS/src/croutine.o
 .debug_info    0x00000000       0x64 Firmware/FreeRTOS/src/croutine.o
 .debug_abbrev  0x00000000       0x26 Firmware/FreeRTOS/src/croutine.o
 .debug_aranges
                0x00000000       0x18 Firmware/FreeRTOS/src/croutine.o
 .debug_line    0x00000000       0x1a Firmware/FreeRTOS/src/croutine.o
 .debug_str     0x00000000      0x1a4 Firmware/FreeRTOS/src/croutine.o
 .comment       0x00000000       0x31 Firmware/FreeRTOS/src/croutine.o
 .text          0x00000000        0x0 Firmware/FreeRTOS/src/event_groups.o
 .data          0x00000000        0x0 Firmware/FreeRTOS/src/event_groups.o
 .bss           0x00000000        0x0 Firmware/FreeRTOS/src/event_groups.o
 .text.xEventGroupCreate
                0x00000000       0x40 Firmware/FreeRTOS/src/event_groups.o
 .text.xEventGroupSync
                0x00000000      0x17a Firmware/FreeRTOS/src/event_groups.o
 .text.xEventGroupWaitBits
                0x00000000      0x192 Firmware/FreeRTOS/src/event_groups.o
 .text.xEventGroupClearBits
                0x00000000       0x72 Firmware/FreeRTOS/src/event_groups.o
 .text.xEventGroupGetBitsFromISR
                0x00000000       0x46 Firmware/FreeRTOS/src/event_groups.o
 .text.xEventGroupSetBits
                0x00000000      0x17a Firmware/FreeRTOS/src/event_groups.o
 .text.vEventGroupDelete
                0x00000000       0x68 Firmware/FreeRTOS/src/event_groups.o
 .text.vEventGroupSetBitsCallback
                0x00000000       0x3c Firmware/FreeRTOS/src/event_groups.o
 .text.vEventGroupClearBitsCallback
                0x00000000       0x3c Firmware/FreeRTOS/src/event_groups.o
 .text.prvTestWaitCondition
                0x00000000       0x64 Firmware/FreeRTOS/src/event_groups.o
 .debug_info    0x00000000      0x666 Firmware/FreeRTOS/src/event_groups.o
 .debug_abbrev  0x00000000      0x140 Firmware/FreeRTOS/src/event_groups.o
 .debug_loc     0x00000000      0x2e5 Firmware/FreeRTOS/src/event_groups.o
 .debug_aranges
                0x00000000       0x68 Firmware/FreeRTOS/src/event_groups.o
 .debug_ranges  0x00000000       0x58 Firmware/FreeRTOS/src/event_groups.o
 .debug_line    0x00000000      0x4b3 Firmware/FreeRTOS/src/event_groups.o
 .debug_str     0x00000000      0x50c Firmware/FreeRTOS/src/event_groups.o
 .comment       0x00000000       0x31 Firmware/FreeRTOS/src/event_groups.o
 .debug_frame   0x00000000      0x160 Firmware/FreeRTOS/src/event_groups.o
 .text          0x00000000        0x0 Firmware/FreeRTOS/src/heap_1.o
 .data          0x00000000        0x0 Firmware/FreeRTOS/src/heap_1.o
 .bss           0x00000000        0x0 Firmware/FreeRTOS/src/heap_1.o
 .text.vPortInitialiseBlocks
                0x00000000       0x18 Firmware/FreeRTOS/src/heap_1.o
 .text.xPortGetFreeHeapSize
                0x00000000       0x22 Firmware/FreeRTOS/src/heap_1.o
 .text          0x00000000        0x0 Firmware/FreeRTOS/src/list.o
 .data          0x00000000        0x0 Firmware/FreeRTOS/src/list.o
 .bss           0x00000000        0x0 Firmware/FreeRTOS/src/list.o
 .text          0x00000000        0x0 Firmware/FreeRTOS/src/port.o
 .data          0x00000000        0x0 Firmware/FreeRTOS/src/port.o
 .bss           0x00000000        0x0 Firmware/FreeRTOS/src/port.o
 .text.vPortEndScheduler
                0x00000000       0x10 Firmware/FreeRTOS/src/port.o
 .text          0x00000000        0x0 Firmware/FreeRTOS/src/queue.o
 .data          0x00000000        0x0 Firmware/FreeRTOS/src/queue.o
 .bss           0x00000000        0x0 Firmware/FreeRTOS/src/queue.o
 .text.xQueueGenericSendFromISR
                0x00000000       0xbe Firmware/FreeRTOS/src/queue.o
 .text.xQueueGiveFromISR
                0x00000000       0xb4 Firmware/FreeRTOS/src/queue.o
 .text.xQueueReceive
                0x00000000      0x162 Firmware/FreeRTOS/src/queue.o
 .text.xQueuePeek
                0x00000000      0x170 Firmware/FreeRTOS/src/queue.o
 .text.xQueueReceiveFromISR
                0x00000000       0xbe Firmware/FreeRTOS/src/queue.o
 .text.xQueuePeekFromISR
                0x00000000       0x78 Firmware/FreeRTOS/src/queue.o
 .text.uxQueueMessagesWaiting
                0x00000000       0x32 Firmware/FreeRTOS/src/queue.o
 .text.uxQueueSpacesAvailable
                0x00000000       0x4e Firmware/FreeRTOS/src/queue.o
 .text.uxQueueMessagesWaitingFromISR
                0x00000000       0x36 Firmware/FreeRTOS/src/queue.o
 .text.vQueueDelete
                0x00000000       0x30 Firmware/FreeRTOS/src/queue.o
 .text.prvCopyDataFromQueue
                0x00000000       0xa2 Firmware/FreeRTOS/src/queue.o
 .text.xQueueIsQueueEmptyFromISR
                0x00000000       0x40 Firmware/FreeRTOS/src/queue.o
 .text.xQueueIsQueueFullFromISR
                0x00000000       0x48 Firmware/FreeRTOS/src/queue.o
 .text          0x00000000        0x0 Firmware/FreeRTOS/src/stream_buffer.o
 .data          0x00000000        0x0 Firmware/FreeRTOS/src/stream_buffer.o
 .bss           0x00000000        0x0 Firmware/FreeRTOS/src/stream_buffer.o
 .text.xStreamBufferGenericCreate
                0x00000000       0x92 Firmware/FreeRTOS/src/stream_buffer.o
 .text.vStreamBufferDelete
                0x00000000       0x56 Firmware/FreeRTOS/src/stream_buffer.o
 .text.xStreamBufferReset
                0x00000000       0x9e Firmware/FreeRTOS/src/stream_buffer.o
 .text.xStreamBufferSetTriggerLevel
                0x00000000       0x72 Firmware/FreeRTOS/src/stream_buffer.o
 .text.xStreamBufferSpacesAvailable
                0x00000000       0x9e Firmware/FreeRTOS/src/stream_buffer.o
 .text.xStreamBufferBytesAvailable
                0x00000000       0x3c Firmware/FreeRTOS/src/stream_buffer.o
 .text.xStreamBufferSend
                0x00000000      0x19a Firmware/FreeRTOS/src/stream_buffer.o
 .text.xStreamBufferSendFromISR
                0x00000000       0xfe Firmware/FreeRTOS/src/stream_buffer.o
 .text.prvWriteMessageToBuffer
                0x00000000       0xcc Firmware/FreeRTOS/src/stream_buffer.o
 .text.xStreamBufferReceive
                0x00000000      0x178 Firmware/FreeRTOS/src/stream_buffer.o
 .text.xStreamBufferNextMessageLengthBytes
                0x00000000       0xa4 Firmware/FreeRTOS/src/stream_buffer.o
 .text.xStreamBufferReceiveFromISR
                0x00000000       0xf2 Firmware/FreeRTOS/src/stream_buffer.o
 .text.prvReadMessageFromBuffer
                0x00000000       0xd0 Firmware/FreeRTOS/src/stream_buffer.o
 .text.xStreamBufferIsEmpty
                0x00000000       0x5e Firmware/FreeRTOS/src/stream_buffer.o
 .text.xStreamBufferIsFull
                0x00000000       0x72 Firmware/FreeRTOS/src/stream_buffer.o
 .text.xStreamBufferSendCompletedFromISR
                0x00000000       0x8a Firmware/FreeRTOS/src/stream_buffer.o
 .text.xStreamBufferReceiveCompletedFromISR
                0x00000000       0x8a Firmware/FreeRTOS/src/stream_buffer.o
 .text.prvWriteBytesToBuffer
                0x00000000      0x10e Firmware/FreeRTOS/src/stream_buffer.o
 .text.prvReadBytesFromBuffer
                0x00000000      0x12e Firmware/FreeRTOS/src/stream_buffer.o
 .text.prvBytesInBuffer
                0x00000000       0x86 Firmware/FreeRTOS/src/stream_buffer.o
 .text.prvInitialiseNewStreamBuffer
                0x00000000       0x82 Firmware/FreeRTOS/src/stream_buffer.o
 .debug_info    0x00000000      0xb69 Firmware/FreeRTOS/src/stream_buffer.o
 .debug_abbrev  0x00000000      0x19a Firmware/FreeRTOS/src/stream_buffer.o
 .debug_loc     0x00000000      0x76b Firmware/FreeRTOS/src/stream_buffer.o
 .debug_aranges
                0x00000000       0xc0 Firmware/FreeRTOS/src/stream_buffer.o
 .debug_ranges  0x00000000       0xb0 Firmware/FreeRTOS/src/stream_buffer.o
 .debug_line    0x00000000      0x85e Firmware/FreeRTOS/src/stream_buffer.o
 .debug_str     0x00000000      0x6fc Firmware/FreeRTOS/src/stream_buffer.o
 .comment       0x00000000       0x31 Firmware/FreeRTOS/src/stream_buffer.o
 .debug_frame   0x00000000      0x35c Firmware/FreeRTOS/src/stream_buffer.o
 .text          0x00000000        0x0 Firmware/FreeRTOS/src/tasks.o
 .data          0x00000000        0x0 Firmware/FreeRTOS/src/tasks.o
 .bss           0x00000000        0x0 Firmware/FreeRTOS/src/tasks.o
 .text.vTaskDelete
                0x00000000       0xd2 Firmware/FreeRTOS/src/tasks.o
 .text.xTaskResumeFromISR
                0x00000000       0xce Firmware/FreeRTOS/src/tasks.o
 .text.vTaskEndScheduler
                0x00000000       0x1a Firmware/FreeRTOS/src/tasks.o
 .text.xTaskGetTickCount
                0x00000000       0x2e Firmware/FreeRTOS/src/tasks.o
 .text.xTaskGetTickCountFromISR
                0x00000000       0x2a Firmware/FreeRTOS/src/tasks.o
 .text.uxTaskGetNumberOfTasks
                0x00000000       0x12 Firmware/FreeRTOS/src/tasks.o
 .text.pcTaskGetName
                0x00000000       0x3e Firmware/FreeRTOS/src/tasks.o
 .text.vTaskPlaceOnUnorderedEventList
                0x00000000       0x64 Firmware/FreeRTOS/src/tasks.o
 .text.vTaskRemoveFromUnorderedEventList
                0x00000000       0xc8 Firmware/FreeRTOS/src/tasks.o
 .text.vTaskSetTimeOutState
                0x00000000       0x42 Firmware/FreeRTOS/src/tasks.o
 .text.xTaskGetCurrentTaskHandle
                0x00000000       0x24 Firmware/FreeRTOS/src/tasks.o
 .text.uxTaskResetEventItemValue
                0x00000000       0x54 Firmware/FreeRTOS/src/tasks.o
 .text.ulTaskNotifyTake
                0x00000000       0xfa Firmware/FreeRTOS/src/tasks.o
 .text.xTaskNotifyWait
                0x00000000      0x14c Firmware/FreeRTOS/src/tasks.o
 .text.xTaskGenericNotify
                0x00000000      0x1c2 Firmware/FreeRTOS/src/tasks.o
 .text.xTaskGenericNotifyFromISR
                0x00000000      0x1f6 Firmware/FreeRTOS/src/tasks.o
 .text.vTaskNotifyGiveFromISR
                0x00000000      0x11a Firmware/FreeRTOS/src/tasks.o
 .text.xTaskNotifyStateClear
                0x00000000       0x64 Firmware/FreeRTOS/src/tasks.o
 .text          0x00000000        0x0 Firmware/FreeRTOS/src/timers.o
 .data          0x00000000        0x0 Firmware/FreeRTOS/src/timers.o
 .bss           0x00000000        0x0 Firmware/FreeRTOS/src/timers.o
 .debug_info    0x00000000       0x64 Firmware/FreeRTOS/src/timers.o
 .debug_abbrev  0x00000000       0x26 Firmware/FreeRTOS/src/timers.o
 .debug_aranges
                0x00000000       0x18 Firmware/FreeRTOS/src/timers.o
 .debug_line    0x00000000       0x1a Firmware/FreeRTOS/src/timers.o
 .debug_str     0x00000000      0x1a2 Firmware/FreeRTOS/src/timers.o
 .comment       0x00000000       0x31 Firmware/FreeRTOS/src/timers.o
 .text          0x00000000        0x0 Mcal/Gpio/src/Gpio.o
 .data          0x00000000        0x0 Mcal/Gpio/src/Gpio.o
 .bss           0x00000000        0x0 Mcal/Gpio/src/Gpio.o
 .text.Gpio_PortWrite
                0x00000000       0x6e Mcal/Gpio/src/Gpio.o
 .text.Gpio_PortToggle
                0x00000000       0x8a Mcal/Gpio/src/Gpio.o
 .text.Gpio_PortRead
                0x00000000       0x6e Mcal/Gpio/src/Gpio.o
 .text.Gpio_PinToggle
                0x00000000       0x96 Mcal/Gpio/src/Gpio.o
 .text.Gpio_PinRead
                0x00000000       0xcc Mcal/Gpio/src/Gpio.o
 .text.Gpio_UpperNibbleDirection
                0x00000000      0x132 Mcal/Gpio/src/Gpio.o
 .text.Gpio_UpperNibbleWrite
                0x00000000       0xe8 Mcal/Gpio/src/Gpio.o
 .text.Gpio_UpperNibbleToggle
                0x00000000       0x92 Mcal/Gpio/src/Gpio.o
 .text.Gpio_UpperNibbleRead
                0x00000000       0x7e Mcal/Gpio/src/Gpio.o
 .text.Gpio_LowerNibbleDirection
                0x00000000      0x132 Mcal/Gpio/src/Gpio.o
 .text.Gpio_LowerNibbleWrite
                0x00000000       0xae Mcal/Gpio/src/Gpio.o
 .text.Gpio_LowerNibbleToggle
                0x00000000       0x92 Mcal/Gpio/src/Gpio.o
 .text.Gpio_LowerNibbleRead
                0x00000000       0x76 Mcal/Gpio/src/Gpio.o
 .text          0x00000000        0x0 c:/program files (x86)/atmel/studio/7.0/toolchain/avr8/avr8-gnu-toolchain/bin/../lib/gcc/avr/5.4.0/avr5\libgcc.a(_exit.o)
 .data          0x00000000        0x0 c:/program files (x86)/atmel/studio/7.0/toolchain/avr8/avr8-gnu-toolchain/bin/../lib/gcc/avr/5.4.0/avr5\libgcc.a(_exit.o)
 .bss           0x00000000        0x0 c:/program files (x86)/atmel/studio/7.0/toolchain/avr8/avr8-gnu-toolchain/bin/../lib/gcc/avr/5.4.0/avr5\libgcc.a(_exit.o)
 .text.libgcc.mul
                0x00000000        0x0 c:/program files (x86)/atmel/studio/7.0/toolchain/avr8/avr8-gnu-toolchain/bin/../lib/gcc/avr/5.4.0/avr5\libgcc.a(_exit.o)
 .text.libgcc.div
                0x00000000        0x0 c:/program files (x86)/atmel/studio/7.0/toolchain/avr8/avr8-gnu-toolchain/bin/../lib/gcc/avr/5.4.0/avr5\libgcc.a(_exit.o)
 .text.libgcc   0x00000000        0x0 c:/program files (x86)/atmel/studio/7.0/toolchain/avr8/avr8-gnu-toolchain/bin/../lib/gcc/avr/5.4.0/avr5\libgcc.a(_exit.o)
 .text.libgcc.prologue
                0x00000000        0x0 c:/program files (x86)/atmel/studio/7.0/toolchain/avr8/avr8-gnu-toolchain/bin/../lib/gcc/avr/5.4.0/avr5\libgcc.a(_exit.o)
 .text.libgcc.builtins
                0x00000000        0x0 c:/program files (x86)/atmel/studio/7.0/toolchain/avr8/avr8-gnu-toolchain/bin/../lib/gcc/avr/5.4.0/avr5\libgcc.a(_exit.o)
 .text.libgcc.fmul
                0x00000000        0x0 c:/program files (x86)/atmel/studio/7.0/toolchain/avr8/avr8-gnu-toolchain/bin/../lib/gcc/avr/5.4.0/avr5\libgcc.a(_exit.o)
 .text.libgcc.fixed
                0x00000000        0x0 c:/program files (x86)/atmel/studio/7.0/toolchain/avr8/avr8-gnu-toolchain/bin/../lib/gcc/avr/5.4.0/avr5\libgcc.a(_exit.o)
 .text          0x00000000        0x0 c:/program files (x86)/atmel/studio/7.0/toolchain/avr8/avr8-gnu-toolchain/bin/../lib/gcc/avr/5.4.0/avr5\libgcc.a(_copy_data.o)
 .data          0x00000000        0x0 c:/program files (x86)/atmel/studio/7.0/toolchain/avr8/avr8-gnu-toolchain/bin/../lib/gcc/avr/5.4.0/avr5\libgcc.a(_copy_data.o)
 .bss           0x00000000        0x0 c:/program files (x86)/atmel/studio/7.0/toolchain/avr8/avr8-gnu-toolchain/bin/../lib/gcc/avr/5.4.0/avr5\libgcc.a(_copy_data.o)
 .text.libgcc.mul
                0x00000000        0x0 c:/program files (x86)/atmel/studio/7.0/toolchain/avr8/avr8-gnu-toolchain/bin/../lib/gcc/avr/5.4.0/avr5\libgcc.a(_copy_data.o)
 .text.libgcc.div
                0x00000000        0x0 c:/program files (x86)/atmel/studio/7.0/toolchain/avr8/avr8-gnu-toolchain/bin/../lib/gcc/avr/5.4.0/avr5\libgcc.a(_copy_data.o)
 .text.libgcc   0x00000000        0x0 c:/program files (x86)/atmel/studio/7.0/toolchain/avr8/avr8-gnu-toolchain/bin/../lib/gcc/avr/5.4.0/avr5\libgcc.a(_copy_data.o)
 .text.libgcc.prologue
                0x00000000        0x0 c:/program files (x86)/atmel/studio/7.0/toolchain/avr8/avr8-gnu-toolchain/bin/../lib/gcc/avr/5.4.0/avr5\libgcc.a(_copy_data.o)
 .text.libgcc.builtins
                0x00000000        0x0 c:/program files (x86)/atmel/studio/7.0/toolchain/avr8/avr8-gnu-toolchain/bin/../lib/gcc/avr/5.4.0/avr5\libgcc.a(_copy_data.o)
 .text.libgcc.fmul
                0x00000000        0x0 c:/program files (x86)/atmel/studio/7.0/toolchain/avr8/avr8-gnu-toolchain/bin/../lib/gcc/avr/5.4.0/avr5\libgcc.a(_copy_data.o)
 .text.libgcc.fixed
                0x00000000        0x0 c:/program files (x86)/atmel/studio/7.0/toolchain/avr8/avr8-gnu-toolchain/bin/../lib/gcc/avr/5.4.0/avr5\libgcc.a(_copy_data.o)
 .text          0x00000000        0x0 c:/program files (x86)/atmel/studio/7.0/toolchain/avr8/avr8-gnu-toolchain/bin/../lib/gcc/avr/5.4.0/avr5\libgcc.a(_clear_bss.o)
 .data          0x00000000        0x0 c:/program files (x86)/atmel/studio/7.0/toolchain/avr8/avr8-gnu-toolchain/bin/../lib/gcc/avr/5.4.0/avr5\libgcc.a(_clear_bss.o)
 .bss           0x00000000        0x0 c:/program files (x86)/atmel/studio/7.0/toolchain/avr8/avr8-gnu-toolchain/bin/../lib/gcc/avr/5.4.0/avr5\libgcc.a(_clear_bss.o)
 .text.libgcc.mul
                0x00000000        0x0 c:/program files (x86)/atmel/studio/7.0/toolchain/avr8/avr8-gnu-toolchain/bin/../lib/gcc/avr/5.4.0/avr5\libgcc.a(_clear_bss.o)
 .text.libgcc.div
                0x00000000        0x0 c:/program files (x86)/atmel/studio/7.0/toolchain/avr8/avr8-gnu-toolchain/bin/../lib/gcc/avr/5.4.0/avr5\libgcc.a(_clear_bss.o)
 .text.libgcc   0x00000000        0x0 c:/program files (x86)/atmel/studio/7.0/toolchain/avr8/avr8-gnu-toolchain/bin/../lib/gcc/avr/5.4.0/avr5\libgcc.a(_clear_bss.o)
 .text.libgcc.prologue
                0x00000000        0x0 c:/program files (x86)/atmel/studio/7.0/toolchain/avr8/avr8-gnu-toolchain/bin/../lib/gcc/avr/5.4.0/avr5\libgcc.a(_clear_bss.o)
 .text.libgcc.builtins
                0x00000000        0x0 c:/program files (x86)/atmel/studio/7.0/toolchain/avr8/avr8-gnu-toolchain/bin/../lib/gcc/avr/5.4.0/avr5\libgcc.a(_clear_bss.o)
 .text.libgcc.fmul
                0x00000000        0x0 c:/program files (x86)/atmel/studio/7.0/toolchain/avr8/avr8-gnu-toolchain/bin/../lib/gcc/avr/5.4.0/avr5\libgcc.a(_clear_bss.o)
 .text.libgcc.fixed
                0x00000000        0x0 c:/program files (x86)/atmel/studio/7.0/toolchain/avr8/avr8-gnu-toolchain/bin/../lib/gcc/avr/5.4.0/avr5\libgcc.a(_clear_bss.o)
 .text          0x00000000        0x0 c:/program files (x86)/atmel/studio/7.0/toolchain/avr8/avr8-gnu-toolchain/bin/../lib/gcc/avr/5.4.0/../../../../avr/lib/avr5\libc.a(memcpy.o)
 .data          0x00000000        0x0 c:/program files (x86)/atmel/studio/7.0/toolchain/avr8/avr8-gnu-toolchain/bin/../lib/gcc/avr/5.4.0/../../../../avr/lib/avr5\libc.a(memcpy.o)
 .bss           0x00000000        0x0 c:/program files (x86)/atmel/studio/7.0/toolchain/avr8/avr8-gnu-toolchain/bin/../lib/gcc/avr/5.4.0/../../../../avr/lib/avr5\libc.a(memcpy.o)
 .text          0x00000000        0x0 c:/program files (x86)/atmel/studio/7.0/toolchain/avr8/avr8-gnu-toolchain/bin/../lib/gcc/avr/5.4.0/../../../../avr/lib/avr5\libc.a(memset.o)
 .data          0x00000000        0x0 c:/program files (x86)/atmel/studio/7.0/toolchain/avr8/avr8-gnu-toolchain/bin/../lib/gcc/avr/5.4.0/../../../../avr/lib/avr5\libc.a(memset.o)
 .bss           0x00000000        0x0 c:/program files (x86)/atmel/studio/7.0/toolchain/avr8/avr8-gnu-toolchain/bin/../lib/gcc/avr/5.4.0/../../../../avr/lib/avr5\libc.a(memset.o)
 .text.avr-libc
                0x00000000        0xe c:/program files (x86)/atmel/studio/7.0/toolchain/avr8/avr8-gnu-toolchain/bin/../lib/gcc/avr/5.4.0/../../../../avr/lib/avr5\libc.a(memset.o)

Memory Configuration

Name             Origin             Length             Attributes
text             0x00000000         0x00020000         xr
data             0x00800060         0x0000ffa0         rw !x
eeprom           0x00810000         0x00010000         rw !x
fuse             0x00820000         0x00000002         rw !x
lock             0x00830000         0x00000400         rw !x
signature        0x00840000         0x00000400         rw !x
user_signatures  0x00850000         0x00000400         rw !x
*default*        0x00000000         0xffffffff

Linker script and memory map

LOAD C:/Program Files (x86)/Atmel/Studio/7.0/Packs/atmel/ATmega_DFP/1.2.209/gcc/dev/atmega32/avr5/crtatmega32.o
LOAD App/testApp/src/Tasks.o
LOAD App/testApp/src/testApp.o
LOAD Ecual/Lcd/src/LCD.o
LOAD Ecual/Led/src/Led.o
LOAD Firmware/FreeRTOS/src/croutine.o
LOAD Firmware/FreeRTOS/src/event_groups.o
LOAD Firmware/FreeRTOS/src/heap_1.o
LOAD Firmware/FreeRTOS/src/list.o
LOAD Firmware/FreeRTOS/src/port.o
LOAD Firmware/FreeRTOS/src/queue.o
LOAD Firmware/FreeRTOS/src/stream_buffer.o
LOAD Firmware/FreeRTOS/src/tasks.o
LOAD Firmware/FreeRTOS/src/timers.o
LOAD Mcal/Gpio/src/Gpio.o
START GROUP
LOAD c:/program files (x86)/atmel/studio/7.0/toolchain/avr8/avr8-gnu-toolchain/bin/../lib/gcc/avr/5.4.0/../../../../avr/lib/avr5\libm.a
END GROUP
START GROUP
LOAD c:/program files (x86)/atmel/studio/7.0/toolchain/avr8/avr8-gnu-toolchain/bin/../lib/gcc/avr/5.4.0/avr5\libgcc.a
LOAD c:/program files (x86)/atmel/studio/7.0/toolchain/avr8/avr8-gnu-toolchain/bin/../lib/gcc/avr/5.4.0/../../../../avr/lib/avr5\libm.a
LOAD c:/program files (x86)/atmel/studio/7.0/toolchain/avr8/avr8-gnu-toolchain/bin/../lib/gcc/avr/5.4.0/../../../../avr/lib/avr5\libc.a
LOAD C:/Program Files (x86)/Atmel/Studio/7.0/Packs/atmel/ATmega_DFP/1.2.209/gcc/dev/atmega32/avr5\libatmega32.a
END GROUP
                0x00020000                __TEXT_REGION_LENGTH__ = DEFINED (__TEXT_REGION_LENGTH__)?__TEXT_REGION_LENGTH__:0x20000
                0x0000ffa0                __DATA_REGION_LENGTH__ = DEFINED (__DATA_REGION_LENGTH__)?__DATA_REGION_LENGTH__:0xffa0
                0x00010000                __EEPROM_REGION_LENGTH__ = DEFINED (__EEPROM_REGION_LENGTH__)?__EEPROM_REGION_LENGTH__:0x10000
                [0x00000002]                __FUSE_REGION_LENGTH__ = DEFINED (__FUSE_REGION_LENGTH__)?__FUSE_REGION_LENGTH__:0x400
                0x00000400                __LOCK_REGION_LENGTH__ = DEFINED (__LOCK_REGION_LENGTH__)?__LOCK_REGION_LENGTH__:0x400
                0x00000400                __SIGNATURE_REGION_LENGTH__ = DEFINED (__SIGNATURE_REGION_LENGTH__)?__SIGNATURE_REGION_LENGTH__:0x400
                0x00000400                __USER_SIGNATURE_REGION_LENGTH__ = DEFINED (__USER_SIGNATURE_REGION_LENGTH__)?__USER_SIGNATURE_REGION_LENGTH__:0x400

.hash
 *(.hash)

.dynsym
 *(.dynsym)

.dynstr
 *(.dynstr)

.gnu.version
 *(.gnu.version)

.gnu.version_d
 *(.gnu.version_d)

.gnu.version_r
 *(.gnu.version_r)

.rel.init
 *(.rel.init)

.rela.init
 *(.rela.init)

.rel.text
 *(.rel.text)
 *(.rel.text.*)
 *(.rel.gnu.linkonce.t*)

.rela.text
 *(.rela.text)
 *(.rela.text.*)
 *(.rela.gnu.linkonce.t*)

.rel.fini
 *(.rel.fini)

.rela.fini
 *(.rela.fini)

.rel.rodata
 *(.rel.rodata)
 *(.rel.rodata.*)
 *(.rel.gnu.linkonce.r*)

.rela.rodata
 *(.rela.rodata)
 *(.rela.rodata.*)
 *(.rela.gnu.linkonce.r*)

.rel.data
 *(.rel.data)
 *(.rel.data.*)
 *(.rel.gnu.linkonce.d*)

.rela.data
 *(.rela.data)
 *(.rela.data.*)
 *(.rela.gnu.linkonce.d*)

.rel.ctors
 *(.rel.ctors)

.rela.ctors
 *(.rela.ctors)

.rel.dtors
 *(.rel.dtors)

.rela.dtors
 *(.rela.dtors)

.rel.got
 *(.rel.got)

.rela.got
 *(.rela.got)

.rel.bss
 *(.rel.bss)

.rela.bss
 *(.rela.bss)

.rel.plt
 *(.rel.plt)

.rela.plt
 *(.rela.plt)

.text           0x00000000     0x3154
 *(.vectors)
 .vectors       0x00000000       0x54 C:/Program Files (x86)/Atmel/Studio/7.0/Packs/atmel/ATmega_DFP/1.2.209/gcc/dev/atmega32/avr5/crtatmega32.o
                0x00000000                __vector_default
                0x00000000                __vectors
 *(.vectors)
 *(.progmem.gcc*)
                0x00000054                . = ALIGN (0x2)
                0x00000054                __trampolines_start = .
 *(.trampolines)
 .trampolines   0x00000054        0x0 linker stubs
 *(.trampolines*)
                0x00000054                __trampolines_end = .
 *libprintf_flt.a:*(.progmem.data)
 *libc.a:*(.progmem.data)
 *(.progmem*)
                0x00000054                . = ALIGN (0x2)
 *(.jumptables)
 *(.jumptables*)
 *(.lowtext)
 *(.lowtext*)
                0x00000054                __ctors_start = .
 *(.ctors)
                0x00000054                __ctors_end = .
                0x00000054                __dtors_start = .
 *(.dtors)
                0x00000054                __dtors_end = .
 SORT(*)(.ctors)
 SORT(*)(.dtors)
 *(.init0)
 .init0         0x00000054        0x0 C:/Program Files (x86)/Atmel/Studio/7.0/Packs/atmel/ATmega_DFP/1.2.209/gcc/dev/atmega32/avr5/crtatmega32.o
                0x00000054                __init
 *(.init0)
 *(.init1)
 *(.init1)
 *(.init2)
 .init2         0x00000054        0xc C:/Program Files (x86)/Atmel/Studio/7.0/Packs/atmel/ATmega_DFP/1.2.209/gcc/dev/atmega32/avr5/crtatmega32.o
 *(.init2)
 *(.init3)
 *(.init3)
 *(.init4)
 .init4         0x00000060       0x16 c:/program files (x86)/atmel/studio/7.0/toolchain/avr8/avr8-gnu-toolchain/bin/../lib/gcc/avr/5.4.0/avr5\libgcc.a(_copy_data.o)
                0x00000060                __do_copy_data
 .init4         0x00000076       0x10 c:/program files (x86)/atmel/studio/7.0/toolchain/avr8/avr8-gnu-toolchain/bin/../lib/gcc/avr/5.4.0/avr5\libgcc.a(_clear_bss.o)
                0x00000076                __do_clear_bss
 *(.init4)
 *(.init5)
 *(.init5)
 *(.init6)
 *(.init6)
 *(.init7)
 *(.init7)
 *(.init8)
 *(.init8)
 *(.init9)
 .init9         0x00000086        0x8 C:/Program Files (x86)/Atmel/Studio/7.0/Packs/atmel/ATmega_DFP/1.2.209/gcc/dev/atmega32/avr5/crtatmega32.o
 *(.init9)
 *(.text)
 .text          0x0000008e        0x4 C:/Program Files (x86)/Atmel/Studio/7.0/Packs/atmel/ATmega_DFP/1.2.209/gcc/dev/atmega32/avr5/crtatmega32.o
                0x0000008e                __vector_1
                0x0000008e                __vector_12
                0x0000008e                __bad_interrupt
                0x0000008e                __vector_6
                0x0000008e                __vector_3
                0x0000008e                __vector_11
                0x0000008e                __vector_13
                0x0000008e                __vector_17
                0x0000008e                __vector_19
                0x0000008e                __vector_5
                0x0000008e                __vector_4
                0x0000008e                __vector_9
                0x0000008e                __vector_2
                0x0000008e                __vector_15
                0x0000008e                __vector_8
                0x0000008e                __vector_14
                0x0000008e                __vector_10
                0x0000008e                __vector_16
                0x0000008e                __vector_18
                0x0000008e                __vector_20
                0x00000092                . = ALIGN (0x2)
 *(.text.*)
 .text.Init_Task
                0x00000092       0x6a App/testApp/src/Tasks.o
                0x00000092                Init_Task
 .text.TaskA    0x000000fc       0xd8 App/testApp/src/Tasks.o
                0x000000fc                TaskA
 .text.TaskB    0x000001d4      0x20e App/testApp/src/Tasks.o
                0x000001d4                TaskB
 .text.main     0x000003e2       0x94 App/testApp/src/testApp.o
                0x000003e2                main
 .text.LCD_SendCommand
                0x00000476       0xe4 Ecual/Lcd/src/LCD.o
 .text.LCD_Init
                0x0000055a       0x4a Ecual/Lcd/src/LCD.o
                0x0000055a                LCD_Init
 .text.LCD_DisplayChar
                0x000005a4       0xee Ecual/Lcd/src/LCD.o
                0x000005a4                LCD_DisplayChar
 .text.LCD_DisplayString
                0x00000692       0x5c Ecual/Lcd/src/LCD.o
                0x00000692                LCD_DisplayString
 .text.LCD_Clear
                0x000006ee       0x16 Ecual/Lcd/src/LCD.o
                0x000006ee                LCD_Clear
 .text.LCD_GotoRowColumn
                0x00000704       0x2e Ecual/Lcd/src/LCD.o
                0x00000704                LCD_GotoRowColumn
 .text.Led_Init
                0x00000732       0x94 Ecual/Led/src/Led.o
                0x00000732                Led_Init
 .text.Led_On   0x000007c6       0x6c Ecual/Led/src/Led.o
                0x000007c6                Led_On
 .text.Led_Off  0x00000832       0x6c Ecual/Led/src/Led.o
                0x00000832                Led_Off
 .text.pvPortMalloc
                0x0000089e       0xaa Firmware/FreeRTOS/src/heap_1.o
                0x0000089e                pvPortMalloc
 .text.vPortFree
                0x00000948       0x1a Firmware/FreeRTOS/src/heap_1.o
                0x00000948                vPortFree
 .text.vListInitialise
                0x00000962       0x6c Firmware/FreeRTOS/src/list.o
                0x00000962                vListInitialise
 .text.vListInitialiseItem
                0x000009ce       0x24 Firmware/FreeRTOS/src/list.o
                0x000009ce                vListInitialiseItem
 .text.vListInsertEnd
                0x000009f2       0x9e Firmware/FreeRTOS/src/list.o
                0x000009f2                vListInsertEnd
 .text.vListInsert
                0x00000a90       0xf0 Firmware/FreeRTOS/src/list.o
                0x00000a90                vListInsert
 .text.uxListRemove
                0x00000b80       0xae Firmware/FreeRTOS/src/list.o
                0x00000b80                uxListRemove
 .text.pxPortInitialiseStack
                0x00000c2e      0x352 Firmware/FreeRTOS/src/port.o
                0x00000c2e                pxPortInitialiseStack
 .text.xPortStartScheduler
                0x00000f80       0x6a Firmware/FreeRTOS/src/port.o
                0x00000f80                xPortStartScheduler
 .text.vPortYield
                0x00000fea       0xb4 Firmware/FreeRTOS/src/port.o
                0x00000fea                vPortYield
 .text.vPortYieldFromTick
                0x0000109e       0xbc Firmware/FreeRTOS/src/port.o
                0x0000109e                vPortYieldFromTick
 .text.prvSetupTimerInterrupt
                0x0000115a       0xc4 Firmware/FreeRTOS/src/port.o
 .text.__vector_7
                0x0000121e        0x8 Firmware/FreeRTOS/src/port.o
                0x0000121e                __vector_7
 .text.xQueueGenericReset
                0x00001226      0x126 Firmware/FreeRTOS/src/queue.o
                0x00001226                xQueueGenericReset
 .text.xQueueGenericCreate
                0x0000134c       0xa0 Firmware/FreeRTOS/src/queue.o
                0x0000134c                xQueueGenericCreate
 .text.prvInitialiseNewQueue
                0x000013ec       0x80 Firmware/FreeRTOS/src/queue.o
 .text.prvInitialiseMutex
                0x0000146c       0x50 Firmware/FreeRTOS/src/queue.o
 .text.xQueueCreateMutex
                0x000014bc       0x40 Firmware/FreeRTOS/src/queue.o
                0x000014bc                xQueueCreateMutex
 .text.xQueueGenericSend
                0x000014fc      0x162 Firmware/FreeRTOS/src/queue.o
                0x000014fc                xQueueGenericSend
 .text.xQueueSemaphoreTake
                0x0000165e      0x1c2 Firmware/FreeRTOS/src/queue.o
                0x0000165e                xQueueSemaphoreTake
 .text.prvGetDisinheritPriorityAfterTimeout
                0x00001820       0x46 Firmware/FreeRTOS/src/queue.o
 .text.prvCopyDataToQueue
                0x00001866      0x1a0 Firmware/FreeRTOS/src/queue.o
 .text.prvUnlockQueue
                0x00001a06       0xbc Firmware/FreeRTOS/src/queue.o
 .text.prvIsQueueEmpty
                0x00001ac2       0x3c Firmware/FreeRTOS/src/queue.o
 .text.prvIsQueueFull
                0x00001afe       0x44 Firmware/FreeRTOS/src/queue.o
 .text.xTaskCreate
                0x00001b42       0xfa Firmware/FreeRTOS/src/tasks.o
                0x00001b42                xTaskCreate
 .text.prvInitialiseNewTask
                0x00001c3c      0x1a8 Firmware/FreeRTOS/src/tasks.o
 .text.prvAddNewTaskToReadyList
                0x00001de4       0xfc Firmware/FreeRTOS/src/tasks.o
 .text.vTaskDelay
                0x00001ee0       0x46 Firmware/FreeRTOS/src/tasks.o
                0x00001ee0                vTaskDelay
 .text.vTaskSuspend
                0x00001f26       0xda Firmware/FreeRTOS/src/tasks.o
                0x00001f26                vTaskSuspend
 .text.prvTaskIsTaskSuspended
                0x00002000       0x60 Firmware/FreeRTOS/src/tasks.o
 .text.vTaskResume
                0x00002060       0xd0 Firmware/FreeRTOS/src/tasks.o
                0x00002060                vTaskResume
 .text.vTaskStartScheduler
                0x00002130       0x6a Firmware/FreeRTOS/src/tasks.o
                0x00002130                vTaskStartScheduler
 .text.vTaskSuspendAll
                0x0000219a       0x1a Firmware/FreeRTOS/src/tasks.o
                0x0000219a                vTaskSuspendAll
 .text.xTaskResumeAll
                0x000021b4      0x12e Firmware/FreeRTOS/src/tasks.o
                0x000021b4                xTaskResumeAll
 .text.xTaskIncrementTick
                0x000022e2      0x1da Firmware/FreeRTOS/src/tasks.o
                0x000022e2                xTaskIncrementTick
 .text.vTaskSwitchContext
                0x000024bc       0xe8 Firmware/FreeRTOS/src/tasks.o
                0x000024bc                vTaskSwitchContext
 .text.vTaskPlaceOnEventList
                0x000025a4       0x46 Firmware/FreeRTOS/src/tasks.o
                0x000025a4                vTaskPlaceOnEventList
 .text.xTaskRemoveFromEventList
                0x000025ea       0xda Firmware/FreeRTOS/src/tasks.o
                0x000025ea                xTaskRemoveFromEventList
 .text.vTaskInternalSetTimeOutState
                0x000026c4       0x38 Firmware/FreeRTOS/src/tasks.o
                0x000026c4                vTaskInternalSetTimeOutState
 .text.xTaskCheckForTimeOut
                0x000026fc       0xe6 Firmware/FreeRTOS/src/tasks.o
                0x000026fc                xTaskCheckForTimeOut
 .text.vTaskMissedYield
                0x000027e2       0x16 Firmware/FreeRTOS/src/tasks.o
                0x000027e2                vTaskMissedYield
 .text.prvIdleTask
                0x000027f8       0x14 Firmware/FreeRTOS/src/tasks.o
 .text.prvInitialiseTaskLists
                0x0000280c       0x84 Firmware/FreeRTOS/src/tasks.o
 .text.prvCheckTasksWaitingTermination
                0x00002890       0x62 Firmware/FreeRTOS/src/tasks.o
 .text.prvDeleteTCB
                0x000028f2       0x30 Firmware/FreeRTOS/src/tasks.o
 .text.prvResetNextTaskUnblockTime
                0x00002922       0x5e Firmware/FreeRTOS/src/tasks.o
 .text.xTaskPriorityInherit
                0x00002980      0x158 Firmware/FreeRTOS/src/tasks.o
                0x00002980                xTaskPriorityInherit
 .text.xTaskPriorityDisinherit
                0x00002ad8       0xfa Firmware/FreeRTOS/src/tasks.o
                0x00002ad8                xTaskPriorityDisinherit
 .text.vTaskPriorityDisinheritAfterTimeout
                0x00002bd2      0x140 Firmware/FreeRTOS/src/tasks.o
                0x00002bd2                vTaskPriorityDisinheritAfterTimeout
 .text.pvTaskIncrementMutexHeldCount
                0x00002d12       0x34 Firmware/FreeRTOS/src/tasks.o
                0x00002d12                pvTaskIncrementMutexHeldCount
 .text.prvAddCurrentTaskToDelayedList
                0x00002d46       0xf4 Firmware/FreeRTOS/src/tasks.o
 .text.Gpio_PortDirection
                0x00002e3a       0x6e Mcal/Gpio/src/Gpio.o
                0x00002e3a                Gpio_PortDirection
 .text.Gpio_PinDirection
                0x00002ea8      0x158 Mcal/Gpio/src/Gpio.o
                0x00002ea8                Gpio_PinDirection
 .text.Gpio_PinWrite
                0x00003000      0x13e Mcal/Gpio/src/Gpio.o
                0x00003000                Gpio_PinWrite
 .text.avr-libc
                0x0000313e       0x12 c:/program files (x86)/atmel/studio/7.0/toolchain/avr8/avr8-gnu-toolchain/bin/../lib/gcc/avr/5.4.0/../../../../avr/lib/avr5\libc.a(memcpy.o)
                0x0000313e                memcpy
                0x00003150                . = ALIGN (0x2)
 *(.fini9)
 .fini9         0x00003150        0x0 c:/program files (x86)/atmel/studio/7.0/toolchain/avr8/avr8-gnu-toolchain/bin/../lib/gcc/avr/5.4.0/avr5\libgcc.a(_exit.o)
                0x00003150                _exit
                0x00003150                exit
 *(.fini9)
 *(.fini8)
 *(.fini8)
 *(.fini7)
 *(.fini7)
 *(.fini6)
 *(.fini6)
 *(.fini5)
 *(.fini5)
 *(.fini4)
 *(.fini4)
 *(.fini3)
 *(.fini3)
 *(.fini2)
 *(.fini2)
 *(.fini1)
 *(.fini1)
 *(.fini0)
 .fini0         0x00003150        0x4 c:/program files (x86)/atmel/studio/7.0/toolchain/avr8/avr8-gnu-toolchain/bin/../lib/gcc/avr/5.4.0/avr5\libgcc.a(_exit.o)
 *(.fini0)
                0x00003154                _etext = .

.data           0x00800060       0xe6 load address 0x00003154
                0x00800060                PROVIDE (__data_start, .)
 *(.data)
 *(.data*)
 *(.gnu.linkonce.d*)
 *(.rodata)
 .rodata        0x00800060       0xbe App/testApp/src/Tasks.o
 .rodata        0x0080011e       0x22 App/testApp/src/testApp.o
 .rodata        0x00800140        0x5 Firmware/FreeRTOS/src/tasks.o
 *(.rodata*)
 *(.gnu.linkonce.r*)
                0x00800146                . = ALIGN (0x2)
 *fill*         0x00800145        0x1 
                0x00800146                _edata = .
                0x00800146                PROVIDE (__data_end, .)

.bss            0x00800146      0x661
                0x00800146                PROVIDE (__bss_start, .)
 *(.bss)
 *(.bss*)
 .bss.Init_Task_Handle
                0x00800146        0x2 App/testApp/src/Tasks.o
                0x00800146                Init_Task_Handle
 .bss.TaskA_Handle
                0x00800148        0x2 App/testApp/src/Tasks.o
                0x00800148                TaskA_Handle
 .bss.TaskB_Handle
                0x0080014a        0x2 App/testApp/src/Tasks.o
                0x0080014a                TaskB_Handle
 .bss.Semaphore_Handler
                0x0080014c        0x2 App/testApp/src/Tasks.o
                0x0080014c                Semaphore_Handler
 .bss.InitState
                0x0080014e        0x1 Ecual/Lcd/src/LCD.o
 .bss.ucHeap    0x0080014f      0x5dc Firmware/FreeRTOS/src/heap_1.o
 .bss.xNextFreeByte
                0x0080072b        0x2 Firmware/FreeRTOS/src/heap_1.o
 .bss.pucAlignedHeap.2085
                0x0080072d        0x2 Firmware/FreeRTOS/src/heap_1.o
 .bss.pxCurrentTCB
                0x0080072f        0x2 Firmware/FreeRTOS/src/tasks.o
                0x0080072f                pxCurrentTCB
 .bss.pxReadyTasksLists
                0x00800731       0x36 Firmware/FreeRTOS/src/tasks.o
 .bss.xDelayedTaskList1
                0x00800767        0x9 Firmware/FreeRTOS/src/tasks.o
 .bss.xDelayedTaskList2
                0x00800770        0x9 Firmware/FreeRTOS/src/tasks.o
 .bss.pxDelayedTaskList
                0x00800779        0x2 Firmware/FreeRTOS/src/tasks.o
 .bss.pxOverflowDelayedTaskList
                0x0080077b        0x2 Firmware/FreeRTOS/src/tasks.o
 .bss.xPendingReadyList
                0x0080077d        0x9 Firmware/FreeRTOS/src/tasks.o
 .bss.xTasksWaitingTermination
                0x00800786        0x9 Firmware/FreeRTOS/src/tasks.o
 .bss.uxDeletedTasksWaitingCleanUp
                0x0080078f        0x1 Firmware/FreeRTOS/src/tasks.o
 .bss.xSuspendedTaskList
                0x00800790        0x9 Firmware/FreeRTOS/src/tasks.o
 .bss.uxCurrentNumberOfTasks
                0x00800799        0x1 Firmware/FreeRTOS/src/tasks.o
 .bss.xTickCount
                0x0080079a        0x2 Firmware/FreeRTOS/src/tasks.o
 .bss.uxTopReadyPriority
                0x0080079c        0x1 Firmware/FreeRTOS/src/tasks.o
 .bss.xSchedulerRunning
                0x0080079d        0x1 Firmware/FreeRTOS/src/tasks.o
 .bss.uxPendedTicks
                0x0080079e        0x1 Firmware/FreeRTOS/src/tasks.o
 .bss.xYieldPending
                0x0080079f        0x1 Firmware/FreeRTOS/src/tasks.o
 .bss.xNumOfOverflows
                0x008007a0        0x1 Firmware/FreeRTOS/src/tasks.o
 .bss.uxTaskNumber
                0x008007a1        0x1 Firmware/FreeRTOS/src/tasks.o
 .bss.xNextTaskUnblockTime
                0x008007a2        0x2 Firmware/FreeRTOS/src/tasks.o
 .bss.xIdleTaskHandle
                0x008007a4        0x2 Firmware/FreeRTOS/src/tasks.o
 .bss.uxSchedulerSuspended
                0x008007a6        0x1 Firmware/FreeRTOS/src/tasks.o
 *(COMMON)
                0x008007a7                PROVIDE (__bss_end, .)
                0x00003154                __data_load_start = LOADADDR (.data)
                0x0000323a                __data_load_end = (__data_load_start + SIZEOF (.data))

.noinit         0x008007a7        0x0
                [!provide]                PROVIDE (__noinit_start, .)
 *(.noinit*)
                [!provide]                PROVIDE (__noinit_end, .)
                0x008007a7                _end = .
                [!provide]                PROVIDE (__heap_start, .)

.eeprom         0x00810000        0x0
 *(.eeprom*)
                0x00810000                __eeprom_end = .

.fuse
 *(.fuse)
 *(.lfuse)
 *(.hfuse)
 *(.efuse)

.lock
 *(.lock*)

.signature
 *(.signature*)

.user_signatures
 *(.user_signatures*)

.stab
 *(.stab)

.stabstr
 *(.stabstr)

.stab.excl
 *(.stab.excl)

.stab.exclstr
 *(.stab.exclstr)

.stab.index
 *(.stab.index)

.stab.indexstr
 *(.stab.indexstr)

.comment        0x00000000       0x30
 *(.comment)
 .comment       0x00000000       0x30 App/testApp/src/Tasks.o
                                 0x31 (size before relaxing)
 .comment       0x00000030       0x31 App/testApp/src/testApp.o
 .comment       0x00000030       0x31 Ecual/Lcd/src/LCD.o
 .comment       0x00000030       0x31 Ecual/Led/src/Led.o
 .comment       0x00000030       0x31 Firmware/FreeRTOS/src/heap_1.o
 .comment       0x00000030       0x31 Firmware/FreeRTOS/src/list.o
 .comment       0x00000030       0x31 Firmware/FreeRTOS/src/port.o
 .comment       0x00000030       0x31 Firmware/FreeRTOS/src/queue.o
 .comment       0x00000030       0x31 Firmware/FreeRTOS/src/tasks.o
 .comment       0x00000030       0x31 Mcal/Gpio/src/Gpio.o

.note.gnu.avr.deviceinfo
                0x00000000       0x3c
 .note.gnu.avr.deviceinfo
                0x00000000       0x3c C:/Program Files (x86)/Atmel/Studio/7.0/Packs/atmel/ATmega_DFP/1.2.209/gcc/dev/atmega32/avr5/crtatmega32.o

.note.gnu.build-id
 *(.note.gnu.build-id)

.debug
 *(.debug)

.line
 *(.line)

.debug_srcinfo
 *(.debug_srcinfo)

.debug_sfnames
 *(.debug_sfnames)

.debug_aranges  0x00000000      0x498
 *(.debug_aranges)
 .debug_aranges
                0x00000000       0x30 App/testApp/src/Tasks.o
 .debug_aranges
                0x00000030       0x20 App/testApp/src/testApp.o
 .debug_aranges
                0x00000050       0x50 Ecual/Lcd/src/LCD.o
 .debug_aranges
                0x000000a0       0x38 Ecual/Led/src/Led.o
 .debug_aranges
                0x000000d8       0x38 Firmware/FreeRTOS/src/heap_1.o
 .debug_aranges
                0x00000110       0x40 Firmware/FreeRTOS/src/list.o
 .debug_aranges
                0x00000150       0x50 Firmware/FreeRTOS/src/port.o
 .debug_aranges
                0x000001a0       0xe0 Firmware/FreeRTOS/src/queue.o
 .debug_aranges
                0x00000280      0x180 Firmware/FreeRTOS/src/tasks.o
 .debug_aranges
                0x00000400       0x98 Mcal/Gpio/src/Gpio.o

.debug_pubnames
 *(.debug_pubnames)

.debug_info     0x00000000     0x366c
 *(.debug_info .gnu.linkonce.wi.*)
 .debug_info    0x00000000      0x4e6 C:/Program Files (x86)/Atmel/Studio/7.0/Packs/atmel/ATmega_DFP/1.2.209/gcc/dev/atmega32/avr5/crtatmega32.o
 .debug_info    0x000004e6      0x277 App/testApp/src/Tasks.o
 .debug_info    0x0000075d       0xe6 App/testApp/src/testApp.o
 .debug_info    0x00000843      0x272 Ecual/Lcd/src/LCD.o
 .debug_info    0x00000ab5      0x14b Ecual/Led/src/Led.o
 .debug_info    0x00000c00      0x170 Firmware/FreeRTOS/src/heap_1.o
 .debug_info    0x00000d70      0x2bb Firmware/FreeRTOS/src/list.o
 .debug_info    0x0000102b      0x1ed Firmware/FreeRTOS/src/port.o
 .debug_info    0x00001218      0xd9d Firmware/FreeRTOS/src/queue.o
 .debug_info    0x00001fb5     0x127d Firmware/FreeRTOS/src/tasks.o
 .debug_info    0x00003232      0x43a Mcal/Gpio/src/Gpio.o

.debug_abbrev   0x00000000      0xf57
 *(.debug_abbrev)
 .debug_abbrev  0x00000000      0x4a3 C:/Program Files (x86)/Atmel/Studio/7.0/Packs/atmel/ATmega_DFP/1.2.209/gcc/dev/atmega32/avr5/crtatmega32.o
 .debug_abbrev  0x000004a3       0xd6 App/testApp/src/Tasks.o
 .debug_abbrev  0x00000579       0x87 App/testApp/src/testApp.o
 .debug_abbrev  0x00000600       0xfe Ecual/Lcd/src/LCD.o
 .debug_abbrev  0x000006fe       0x92 Ecual/Led/src/Led.o
 .debug_abbrev  0x00000790       0xf0 Firmware/FreeRTOS/src/heap_1.o
 .debug_abbrev  0x00000880       0xc7 Firmware/FreeRTOS/src/list.o
 .debug_abbrev  0x00000947      0x104 Firmware/FreeRTOS/src/port.o
 .debug_abbrev  0x00000a4b      0x1c1 Firmware/FreeRTOS/src/queue.o
 .debug_abbrev  0x00000c0c      0x212 Firmware/FreeRTOS/src/tasks.o
 .debug_abbrev  0x00000e1e      0x139 Mcal/Gpio/src/Gpio.o

.debug_line     0x00000000     0x37ac
 *(.debug_line .debug_line.* .debug_line_end)
 .debug_line    0x00000000      0x115 C:/Program Files (x86)/Atmel/Studio/7.0/Packs/atmel/ATmega_DFP/1.2.209/gcc/dev/atmega32/avr5/crtatmega32.o
 .debug_line    0x00000115      0x2b2 App/testApp/src/Tasks.o
 .debug_line    0x000003c7       0xbe App/testApp/src/testApp.o
 .debug_line    0x00000485      0x29f Ecual/Lcd/src/LCD.o
 .debug_line    0x00000724      0x1ff Ecual/Led/src/Led.o
 .debug_line    0x00000923      0x1c3 Firmware/FreeRTOS/src/heap_1.o
 .debug_line    0x00000ae6      0x212 Firmware/FreeRTOS/src/list.o
 .debug_line    0x00000cf8      0x404 Firmware/FreeRTOS/src/port.o
 .debug_line    0x000010fc      0xc18 Firmware/FreeRTOS/src/queue.o
 .debug_line    0x00001d14     0x128d Firmware/FreeRTOS/src/tasks.o
 .debug_line    0x00002fa1      0x80b Mcal/Gpio/src/Gpio.o

.debug_frame    0x00000000     0x1008
 *(.debug_frame)
 .debug_frame   0x00000000       0x74 App/testApp/src/Tasks.o
 .debug_frame   0x00000074       0x44 App/testApp/src/testApp.o
 .debug_frame   0x000000b8       0xf4 Ecual/Lcd/src/LCD.o
 .debug_frame   0x000001ac       0x94 Ecual/Led/src/Led.o
 .debug_frame   0x00000240       0x94 Firmware/FreeRTOS/src/heap_1.o
 .debug_frame   0x000002d4       0xb4 Firmware/FreeRTOS/src/list.o
 .debug_frame   0x00000388       0xc4 Firmware/FreeRTOS/src/port.o
 .debug_frame   0x0000044c      0x34c Firmware/FreeRTOS/src/queue.o
 .debug_frame   0x00000798      0x65c Firmware/FreeRTOS/src/tasks.o
 .debug_frame   0x00000df4      0x214 Mcal/Gpio/src/Gpio.o

.debug_str      0x00000000     0x1816
 *(.debug_str)
 .debug_str     0x00000000      0x196 C:/Program Files (x86)/Atmel/Studio/7.0/Packs/atmel/ATmega_DFP/1.2.209/gcc/dev/atmega32/avr5/crtatmega32.o
 .debug_str     0x00000196      0x2a4 App/testApp/src/Tasks.o
                                0x2e8 (size before relaxing)
 .debug_str     0x0000043a       0x2c App/testApp/src/testApp.o
                                0x203 (size before relaxing)
 .debug_str     0x00000466      0x154 Ecual/Lcd/src/LCD.o
                                0x31b (size before relaxing)
 .debug_str     0x000005ba       0x3f Ecual/Led/src/Led.o
                                0x1d4 (size before relaxing)
 .debug_str     0x000005f9       0xad Firmware/FreeRTOS/src/heap_1.o
                                0x235 (size before relaxing)
 .debug_str     0x000006a6      0x149 Firmware/FreeRTOS/src/list.o
                                0x2e3 (size before relaxing)
 .debug_str     0x000007ef       0xf9 Firmware/FreeRTOS/src/port.o
                                0x2b6 (size before relaxing)
 .debug_str     0x000008e8      0x4a2 Firmware/FreeRTOS/src/queue.o
                                0x772 (size before relaxing)
 .debug_str     0x00000d8a      0x916 Firmware/FreeRTOS/src/tasks.o
                                0xc63 (size before relaxing)
 .debug_str     0x000016a0      0x176 Mcal/Gpio/src/Gpio.o
                                0x2fd (size before relaxing)

.debug_loc      0x00000000     0x2171
 *(.debug_loc)
 .debug_loc     0x00000000       0xd8 App/testApp/src/Tasks.o
 .debug_loc     0x000000d8       0x6f App/testApp/src/testApp.o
 .debug_loc     0x00000147      0x1eb Ecual/Lcd/src/LCD.o
 .debug_loc     0x00000332      0x120 Ecual/Led/src/Led.o
 .debug_loc     0x00000452      0x106 Firmware/FreeRTOS/src/heap_1.o
 .debug_loc     0x00000558      0x167 Firmware/FreeRTOS/src/list.o
 .debug_loc     0x000006bf      0x105 Firmware/FreeRTOS/src/port.o
 .debug_loc     0x000007c4      0x731 Firmware/FreeRTOS/src/queue.o
 .debug_loc     0x00000ef5      0xdfc Firmware/FreeRTOS/src/tasks.o
 .debug_loc     0x00001cf1      0x480 Mcal/Gpio/src/Gpio.o

.debug_macinfo
 *(.debug_macinfo)

.debug_weaknames
 *(.debug_weaknames)

.debug_funcnames
 *(.debug_funcnames)

.debug_typenames
 *(.debug_typenames)

.debug_varnames
 *(.debug_varnames)

.debug_pubtypes
 *(.debug_pubtypes)

.debug_ranges   0x00000000      0x3f8
 *(.debug_ranges)
 .debug_ranges  0x00000000       0x20 App/testApp/src/Tasks.o
 .debug_ranges  0x00000020       0x10 App/testApp/src/testApp.o
 .debug_ranges  0x00000030       0x40 Ecual/Lcd/src/LCD.o
 .debug_ranges  0x00000070       0x28 Ecual/Led/src/Led.o
 .debug_ranges  0x00000098       0x28 Firmware/FreeRTOS/src/heap_1.o
 .debug_ranges  0x000000c0       0x30 Firmware/FreeRTOS/src/list.o
 .debug_ranges  0x000000f0       0x40 Firmware/FreeRTOS/src/port.o
 .debug_ranges  0x00000130       0xd0 Firmware/FreeRTOS/src/queue.o
 .debug_ranges  0x00000200      0x170 Firmware/FreeRTOS/src/tasks.o
 .debug_ranges  0x00000370       0x88 Mcal/Gpio/src/Gpio.o

.debug_macro
 *(.debug_macro)
OUTPUT(Sprint1.elf elf32-avr)
LOAD linker stubs
